Archive member included because of file (symbol)

archival/lib.a(ar.o)          applets/built-in.o (ar_main)
archival/lib.a(bbunzip.o)     applets/built-in.o (bunzip2_main)
archival/lib.a(cpio.o)        applets/built-in.o (cpio_main)
archival/lib.a(dpkg.o)        applets/built-in.o (dpkg_main)
archival/lib.a(gzip.o)        applets/built-in.o (gzip_main)
archival/lib.a(rpm.o)         applets/built-in.o (rpm_main)
archival/lib.a(rpm2cpio.o)    applets/built-in.o (rpm2cpio_main)
archival/lib.a(tar.o)         applets/built-in.o (tar_main)
archival/lib.a(unzip.o)       applets/built-in.o (unzip_main)
archival/libunarchive/lib.a(check_header_gzip.o)
                              archival/lib.a(bbunzip.o) (check_header_gzip_or_die)
archival/libunarchive/lib.a(data_extract_all.o)
                              archival/lib.a(ar.o) (data_extract_all)
archival/libunarchive/lib.a(data_extract_to_buffer.o)
                              archival/lib.a(dpkg.o) (data_extract_to_buffer)
archival/libunarchive/lib.a(data_extract_to_stdout.o)
                              archival/lib.a(ar.o) (data_extract_to_stdout)
archival/libunarchive/lib.a(data_skip.o)
                              archival/libunarchive/lib.a(data_extract_all.o) (data_skip)
archival/libunarchive/lib.a(decompress_bunzip2.o)
                              applets/built-in.o (read_bunzip)
archival/libunarchive/lib.a(decompress_uncompress.o)
                              archival/lib.a(bbunzip.o) (uncompress)
archival/libunarchive/lib.a(decompress_unlzma.o)
                              archival/lib.a(bbunzip.o) (unpack_lzma_stream)
archival/libunarchive/lib.a(decompress_unzip.o)
                              archival/lib.a(unzip.o) (inflate_unzip)
archival/libunarchive/lib.a(filter_accept_list.o)
                              archival/lib.a(ar.o) (filter_accept_list)
archival/libunarchive/lib.a(filter_accept_list_reassign.o)
                              archival/lib.a(dpkg.o) (filter_accept_list_reassign)
archival/libunarchive/lib.a(filter_accept_reject_list.o)
                              archival/lib.a(tar.o) (filter_accept_reject_list)
archival/libunarchive/lib.a(find_list_entry.o)
                              archival/lib.a(tar.o) (find_list_entry)
archival/libunarchive/lib.a(get_header_ar.o)
                              archival/lib.a(ar.o) (get_header_ar)
archival/libunarchive/lib.a(get_header_cpio.o)
                              archival/lib.a(cpio.o) (get_header_cpio)
archival/libunarchive/lib.a(get_header_tar.o)
                              archival/lib.a(tar.o) (get_header_tar)
archival/libunarchive/lib.a(get_header_tar_bz2.o)
                              archival/lib.a(tar.o) (get_header_tar_bz2)
archival/libunarchive/lib.a(get_header_tar_gz.o)
                              archival/lib.a(tar.o) (get_header_tar_gz)
archival/libunarchive/lib.a(get_header_tar_lzma.o)
                              archival/lib.a(tar.o) (get_header_tar_lzma)
archival/libunarchive/lib.a(header_list.o)
                              archival/lib.a(ar.o) (header_list)
archival/libunarchive/lib.a(header_verbose_list.o)
                              archival/lib.a(cpio.o) (header_verbose_list)
archival/libunarchive/lib.a(init_handle.o)
                              archival/lib.a(ar.o) (init_handle)
archival/libunarchive/lib.a(open_transformer.o)
                              archival/lib.a(rpm.o) (open_transformer)
archival/libunarchive/lib.a(seek_by_jump.o)
                              archival/lib.a(cpio.o) (seek_by_jump)
archival/libunarchive/lib.a(seek_by_read.o)
                              archival/lib.a(cpio.o) (seek_by_read)
archival/libunarchive/lib.a(unpack_ar_archive.o)
                              archival/lib.a(dpkg.o) (unpack_ar_archive)
archival/libunarchive/lib.a(archive_xread_all_eof.o)
                              archival/libunarchive/lib.a(get_header_cpio.o) (archive_xread_all_eof)
archival/libunarchive/lib.a(data_align.o)
                              archival/libunarchive/lib.a(get_header_cpio.o) (data_align)
archival/libunarchive/lib.a(filter_accept_all.o)
                              archival/libunarchive/lib.a(init_handle.o) (filter_accept_all)
archival/libunarchive/lib.a(header_skip.o)
                              archival/libunarchive/lib.a(init_handle.o) (header_skip)
console-tools/lib.a(chvt.o)   applets/built-in.o (chvt_main)
console-tools/lib.a(clear.o)  applets/built-in.o (clear_main)
console-tools/lib.a(deallocvt.o)
                              applets/built-in.o (deallocvt_main)
console-tools/lib.a(dumpkmap.o)
                              applets/built-in.o (dumpkmap_main)
console-tools/lib.a(loadfont.o)
                              applets/built-in.o (loadfont_main)
console-tools/lib.a(loadkmap.o)
                              applets/built-in.o (loadkmap_main)
console-tools/lib.a(openvt.o)
                              applets/built-in.o (openvt_main)
console-tools/lib.a(reset.o)  applets/built-in.o (reset_main)
[...]
Memory Configuration

Name             Origin             Length             Attributes
*default*        0x00000000         0xffffffff

Linker script and memory map

LOAD /opt/arm-linux-gcc-3.4.5/bin/../lib/gcc/arm-linux/3.4.5/../../../../arm-linux/lib/crt1.o
LOAD /opt/arm-linux-gcc-3.4.5/bin/../lib/gcc/arm-linux/3.4.5/../../../../arm-linux/lib/crti.o
LOAD /opt/arm-linux-gcc-3.4.5/bin/../lib/gcc/arm-linux/3.4.5/crtbegin.o
START GROUP
LOAD applets/built-in.o
LOAD archival/lib.a
LOAD archival/libunarchive/lib.a
LOAD console-tools/lib.a
LOAD coreutils/lib.a
LOAD coreutils/libcoreutils/lib.a
LOAD debianutils/lib.a
LOAD e2fsprogs/lib.a
LOAD editors/lib.a
LOAD findutils/lib.a
LOAD init/lib.a
LOAD ipsvd/lib.a
LOAD libbb/lib.a
LOAD libpwdgrp/lib.a
LOAD loginutils/lib.a
LOAD miscutils/lib.a
LOAD modutils/lib.a
LOAD networking/lib.a
LOAD networking/libiproute/lib.a
LOAD networking/udhcp/lib.a
LOAD procps/lib.a
LOAD runit/lib.a
LOAD selinux/lib.a
LOAD shell/lib.a
LOAD sysklogd/lib.a
LOAD util-linux/lib.a
LOAD archival/built-in.o
LOAD archival/libunarchive/built-in.o
LOAD console-tools/built-in.o
LOAD coreutils/built-in.o
LOAD coreutils/libcoreutils/built-in.o
LOAD debianutils/built-in.o
LOAD e2fsprogs/built-in.o
LOAD editors/built-in.o
LOAD findutils/built-in.o
LOAD init/built-in.o
LOAD ipsvd/built-in.o
LOAD libbb/built-in.o
LOAD libpwdgrp/built-in.o
LOAD loginutils/built-in.o
LOAD miscutils/built-in.o
LOAD modutils/built-in.o
LOAD networking/built-in.o
LOAD networking/libiproute/built-in.o
LOAD networking/udhcp/built-in.o
LOAD procps/built-in.o
LOAD runit/built-in.o
LOAD selinux/built-in.o
LOAD shell/built-in.o
LOAD sysklogd/built-in.o
LOAD util-linux/built-in.o
END GROUP
START GROUP
LOAD /opt/arm-linux-gcc-3.4.5/bin/../lib/gcc/arm-linux/3.4.5/../../../../arm-linux/lib/libcrypt.so
LOAD /opt/arm-linux-gcc-3.4.5/bin/../lib/gcc/arm-linux/3.4.5/../../../../arm-linux/lib/libm.so
END GROUP
LOAD /opt/arm-linux-gcc-3.4.5/bin/../lib/gcc/arm-linux/3.4.5/libgcc.a
LOAD /opt/arm-linux-gcc-3.4.5/bin/../lib/gcc/arm-linux/3.4.5/../../../../arm-linux/lib/libgcc_s.so
LOAD /opt/arm-linux-gcc-3.4.5/bin/../lib/gcc/arm-linux/3.4.5/../../../../arm-linux/lib/libc.so
START GROUP
LOAD /opt/arm-linux-gcc-3.4.5/bin/../lib/gcc/arm-linux/3.4.5/../../../../arm-linux/lib/libc.so.6
LOAD /opt/arm-linux-gcc-3.4.5/bin/../lib/gcc/arm-linux/3.4.5/../../../../arm-linux/lib/libc_nonshared.a
END GROUP
LOAD /opt/arm-linux-gcc-3.4.5/bin/../lib/gcc/arm-linux/3.4.5/libgcc.a
LOAD /opt/arm-linux-gcc-3.4.5/bin/../lib/gcc/arm-linux/3.4.5/../../../../arm-linux/lib/libgcc_s.so
LOAD /opt/arm-linux-gcc-3.4.5/bin/../lib/gcc/arm-linux/3.4.5/crtend.o
LOAD /opt/arm-linux-gcc-3.4.5/bin/../lib/gcc/arm-linux/3.4.5/../../../../arm-linux/lib/crtn.o
                0x00008000                PROVIDE (__executable_start, 0x8000)
                0x000080f4                . = (0x8000 + SIZEOF_HEADERS)

.interp         0x000080f4       0x13
 *(.interp)
 .interp        0x000080f4       0x13 /opt/arm-linux-gcc-3.4.5/bin/../lib/gcc/arm-linux/3.4.5/../../../../arm-linux/lib/crti.o

.note.ABI-tag   0x00008108       0x20
 .note.ABI-tag  0x00008108       0x20 /opt/arm-linux-gcc-3.4.5/bin/../lib/gcc/arm-linux/3.4.5/../../../../arm-linux/lib/crt1.o

.hash           0x00008128      0xa78
 *(.hash)
 .hash          0x00008128      0xa78 /opt/arm-linux-gcc-3.4.5/bin/../lib/gcc/arm-linux/3.4.5/../../../../arm-linux/lib/crti.o

.dynsym         0x00008ba0     0x1950
 *(.dynsym)
 .dynsym        0x00008ba0     0x1950 /opt/arm-linux-gcc-3.4.5/bin/../lib/gcc/arm-linux/3.4.5/../../../../arm-linux/lib/crti.o

.dynstr         0x0000a4f0      0xdbf
 *(.dynstr)
 .dynstr        0x0000a4f0      0xdbf /opt/arm-linux-gcc-3.4.5/bin/../lib/gcc/arm-linux/3.4.5/../../../../arm-linux/lib/crti.o

.gnu.version    0x0000b2b0      0x32a
 *(.gnu.version)
 .gnu.version   0x0000b2b0      0x32a /opt/arm-linux-gcc-3.4.5/bin/../lib/gcc/arm-linux/3.4.5/../../../../arm-linux/lib/crti.o

.gnu.version_d
 *(.gnu.version_d)

.gnu.version_r  0x0000b5dc       0xe0
 *(.gnu.version_r)
 .gnu.version_r
                0x0000b5dc       0xe0 /opt/arm-linux-gcc-3.4.5/bin/../lib/gcc/arm-linux/3.4.5/../../../../arm-linux/lib/crti.o

.rel.dyn        0x0000b6bc       0x70
 *(.rel.init)
 *(.rel.text .rel.text.* .rel.gnu.linkonce.t.*)
 *(.rel.fini)
 *(.rel.rodata .rel.rodata.* .rel.gnu.linkonce.r.*)
 *(.rel.data .rel.data.* .rel.gnu.linkonce.d.*)
 *(.rel.tdata .rel.tdata.* .rel.gnu.linkonce.td.*)
 *(.rel.tbss .rel.tbss.* .rel.gnu.linkonce.tb.*)
 *(.rel.ctors)
 *(.rel.dtors)
 *(.rel.got)
 .rel.got       0x0000b6bc       0x28 /opt/arm-linux-gcc-3.4.5/bin/../lib/gcc/arm-linux/3.4.5/../../../../arm-linux/lib/crti.o
 *(.rel.bss .rel.bss.* .rel.gnu.linkonce.b.*)
 .rel.bss       0x0000b6e4       0x48 /opt/arm-linux-gcc-3.4.5/bin/../lib/gcc/arm-linux/3.4.5/../../../../arm-linux/lib/crti.o

.rela.dyn
 *(.rela.init)
 *(.rela.text .rela.text.* .rela.gnu.linkonce.t.*)
 *(.rela.fini)
 *(.rela.rodata .rela.rodata.* .rela.gnu.linkonce.r.*)
 *(.rela.data .rela.data.* .rela.gnu.linkonce.d.*)
 *(.rela.tdata .rela.tdata.* .rela.gnu.linkonce.td.*)
 *(.rela.tbss .rela.tbss.* .rela.gnu.linkonce.tb.*)
 *(.rela.ctors)
 *(.rela.dtors)
 *(.rela.got)
 *(.rela.bss .rela.bss.* .rela.gnu.linkonce.b.*)

.rel.plt        0x0000b72c      0xc08
 *(.rel.plt)
 .rel.plt       0x0000b72c      0xc08 /opt/arm-linux-gcc-3.4.5/bin/../lib/gcc/arm-linux/3.4.5/../../../../arm-linux/lib/crti.o

.rela.plt
 *(.rela.plt)

.init           0x0000c334       0x14
 *(.init)
 .init          0x0000c334        0x8 /opt/arm-linux-gcc-3.4.5/bin/../lib/gcc/arm-linux/3.4.5/../../../../arm-linux/lib/crti.o
                0x0000c334                _init
 .init          0x0000c33c        0x4 /opt/arm-linux-gcc-3.4.5/bin/../lib/gcc/arm-linux/3.4.5/crtbegin.o
 .init          0x0000c340        0x4 /opt/arm-linux-gcc-3.4.5/bin/../lib/gcc/arm-linux/3.4.5/crtend.o
 .init          0x0000c344        0x4 /opt/arm-linux-gcc-3.4.5/bin/../lib/gcc/arm-linux/3.4.5/../../../../arm-linux/lib/crtn.o

.plt            0x0000c348     0x1220
 *(.plt)
 .plt           0x0000c348     0x1220 /opt/arm-linux-gcc-3.4.5/bin/../lib/gcc/arm-linux/3.4.5/../../../../arm-linux/lib/crti.o
                0x0000c35c                fileno@@GLIBC_2.0
                0x0000c368                getpagesize@@GLIBC_2.0
                0x0000c374                fputs@@GLIBC_2.0
                0x0000c380                abort@@GLIBC_2.0
                0x0000c38c                __errno_location@@GLIBC_2.0
                0x0000c398                setmntent@@GLIBC_2.0
                0x0000c3a4                semget@@GLIBC_2.0
                0x0000c3b0                sigemptyset@@GLIBC_2.0
                0x0000c3bc                inet_ntop@@GLIBC_2.0
                0x0000c3c8                sprintf@@GLIBC_2.0
                0x0000c3d4                init_module@@GLIBC_2.0
                0x0000c3e0                popen@@GLIBC_2.1
                0x0000c3ec                srand@@GLIBC_2.0
                0x0000c3f8                setusershell@@GLIBC_2.0
                0x0000c404                connect@@GLIBC_2.0
                0x0000c410                isprint@@GLIBC_2.0
                0x0000c41c                __res_state@@GLIBC_2.2
                0x0000c428                clnt_spcreateerror@@GLIBC_2.0
                0x0000c434                setgroups@@GLIBC_2.0
                0x0000c440                statfs64@@GLIBC_2.1
                0x0000c44c                getpid@@GLIBC_2.0
                0x0000c458                mkdir@@GLIBC_2.0
                0x0000c464                isalpha@@GLIBC_2.0
                0x0000c470                strerror@@GLIBC_2.0
                0x0000c47c                setbuf@@GLIBC_2.0
                0x0000c488                creat64@@GLIBC_2.1
                0x0000c494                getsockname@@GLIBC_2.0
                0x0000c4a0                __cxa_atexit@@GLIBC_2.1.3
                0x0000c4ac                regfree@@GLIBC_2.0
                0x0000c4b8                setrlimit64@@GLIBC_2.1
                0x0000c4c4                strcoll@@GLIBC_2.0
                0x0000c4d0                sysconf@@GLIBC_2.0
                0x0000c4dc                memcmp@@GLIBC_2.0
                0x0000c4e8                qsort@@GLIBC_2.0
                0x0000c4f4                inet_ntoa@@GLIBC_2.0
                0x0000c500                freeaddrinfo@@GLIBC_2.0
                0x0000c50c                syslog@@GLIBC_2.0
                0x0000c518                vprintf@@GLIBC_2.0
                0x0000c524                getchar@@GLIBC_2.0
                0x0000c530                bsearch@@GLIBC_2.0
                0x0000c53c                setlinebuf@@GLIBC_2.0
                0x0000c548                shutdown@@GLIBC_2.0
                0x0000c554                open64@@GLIBC_2.1
                0x0000c560                msgget@@GLIBC_2.0
                0x0000c56c                clnttcp_create@@GLIBC_2.0
                0x0000c578                signal@@GLIBC_2.0
                0x0000c584                syscall@@GLIBC_2.0
                0x0000c59c                ispunct@@GLIBC_2.0
                0x0000c5a8                realloc@@GLIBC_2.0
                0x0000c5b4                strsep@@GLIBC_2.0
                0x0000c5c0                sched_yield@@GLIBC_2.0
                0x0000c5cc                pivot_root@@GLIBC_2.2.1
                0x0000c5d8                sync@@GLIBC_2.0
                0x0000c5e4                rewind@@GLIBC_2.0
                0x0000c5f0                unsetenv@@GLIBC_2.0
                0x0000c5fc                isspace@@GLIBC_2.0
                0x0000c608                __xstat64@@GLIBC_2.2
                0x0000c614                vsprintf@@GLIBC_2.0
                0x0000c620                localtime@@GLIBC_2.0
                0x0000c62c                cfgetispeed@@GLIBC_2.0
                0x0000c638                clearenv@@GLIBC_2.0
                0x0000c644                dirname@@GLIBC_2.0
                0x0000c650                strtod@@GLIBC_2.0
                0x0000c65c                strchr@@GLIBC_2.0
                0x0000c668                vsnprintf@@GLIBC_2.0
                0x0000c674                recv@@GLIBC_2.0
                0x0000c680                getenv@@GLIBC_2.0
                0x0000c68c                strptime@@GLIBC_2.0
                0x0000c698                inet_addr@@GLIBC_2.0
                0x0000c6a4                system@@GLIBC_2.0
                0x0000c6b0                strncpy@@GLIBC_2.0
                0x0000c6bc                query_module@@GLIBC_2.0
                0x0000c6c8                putchar@@GLIBC_2.0
                0x0000c6d4                shmat@@GLIBC_2.0
                0x0000c6e0                swapon@@GLIBC_2.0
                0x0000c6ec                fchown@@GLIBC_2.0
                0x0000c6f8                ttyname@@GLIBC_2.0
                0x0000c704                write@@GLIBC_2.0
                0x0000c710                tzset@@GLIBC_2.0
                0x0000c71c                sendto@@GLIBC_2.0
                0x0000c728                semop@@GLIBC_2.0
                0x0000c734                pow@@GLIBC_2.0
                0x0000c740                listen@@GLIBC_2.0
                0x0000c74c                toupper@@GLIBC_2.0
                0x0000c758                sendmsg@@GLIBC_2.0
                0x0000c764                fgets@@GLIBC_2.0
                0x0000c770                rename@@GLIBC_2.0
                0x0000c77c                regexec@@GLIBC_2.3.4
                0x0000c788                getlogin@@GLIBC_2.0
                0x0000c794                sched_setscheduler@@GLIBC_2.0
                0x0000c7a0                memset@@GLIBC_2.0
                0x0000c7ac                setitimer@@GLIBC_2.0
                0x0000c7b8                fopen64@@GLIBC_2.1
                0x0000c7c4                isxdigit@@GLIBC_2.0
                0x0000c7d0                setsid@@GLIBC_2.0
                0x0000c7dc                sched_getscheduler@@GLIBC_2.0
                0x0000c7e8                getprotobyname@@GLIBC_2.0
                0x0000c7f4                sched_get_priority_max@@GLIBC_2.0
                0x0000c800                __libc_start_main@@GLIBC_2.0
                0x0000c80c                umount2@@GLIBC_2.1
                0x0000c818                clnt_sperror@@GLIBC_2.0
                0x0000c824                execl@@GLIBC_2.0
                0x0000c830                _IO_getc@@GLIBC_2.0
                0x0000c83c                wait@@GLIBC_2.0
                0x0000c848                _exit@@GLIBC_2.0
                0x0000c854                if_nametoindex@@GLIBC_2.1
                0x0000c860                strrchr@@GLIBC_2.0
                0x0000c86c                mount@@GLIBC_2.0
                0x0000c878                uname@@GLIBC_2.0
                0x0000c884                tcgetattr@@GLIBC_2.0
                0x0000c890                chmod@@GLIBC_2.0
                0x0000c89c                xdr_int@@GLIBC_2.0
                0x0000c8a8                iscntrl@@GLIBC_2.0
                0x0000c8b4                getopt_long_only@@GLIBC_2.0
                0x0000c8c0                wait4@@GLIBC_2.0
                0x0000c8cc                read@@GLIBC_2.0
                0x0000c8d8                authunix_create_default@@GLIBC_2.0
                0x0000c8e4                strtoll@@GLIBC_2.0
                0x0000c8f0                umount@@GLIBC_2.0
                0x0000c8fc                perror@@GLIBC_2.0
                0x0000c908                exp@@GLIBC_2.0
                0x0000c914                cfmakeraw@@GLIBC_2.0
                0x0000c920                ungetc@@GLIBC_2.0
                0x0000c92c                usleep@@GLIBC_2.0
                0x0000c938                swapoff@@GLIBC_2.0
                0x0000c944                xdr_opaque@@GLIBC_2.0
                0x0000c950                gettimeofday@@GLIBC_2.0
                0x0000c95c                strtol@@GLIBC_2.0
                0x0000c968                fdopen@@GLIBC_2.1
                0x0000c974                tcsetpgrp@@GLIBC_2.0
                0x0000c980                getservbyport@@GLIBC_2.0
                0x0000c98c                __ctype_toupper_loc@@GLIBC_2.3
                0x0000c998                hstrerror@@GLIBC_2.0
                0x0000c9a4                free@@GLIBC_2.0
                0x0000c9b0                strtoull@@GLIBC_2.0
                0x0000c9bc                inet_pton@@GLIBC_2.0
                0x0000c9c8                shmctl@@GLIBC_2.2
                0x0000c9d4                __xmknod@@GLIBC_2.0
                0x0000c9e0                __lxstat64@@GLIBC_2.2
                0x0000c9ec                setresuid@@GLIBC_2.0
                0x0000c9f8                execle@@GLIBC_2.0
                0x0000ca04                bindresvport@@GLIBC_2.0
                0x0000ca10                openlog@@GLIBC_2.0
                0x0000ca1c                ether_aton@@GLIBC_2.0
                0x0000ca28                setpgid@@GLIBC_2.0
                0x0000ca34                scanf@@GLIBC_2.0
                0x0000ca40                shmdt@@GLIBC_2.0
                0x0000ca4c                access@@GLIBC_2.0
                0x0000ca58                ether_ntoa@@GLIBC_2.0
                0x0000ca64                semctl@@GLIBC_2.2
                0x0000ca70                gethostid@@GLIBC_2.0
                0x0000ca7c                setresgid@@GLIBC_2.0
                0x0000ca88                sigaction@@GLIBC_2.0
                0x0000ca94                setpriority@@GLIBC_2.0
                0x0000caa0                fflush@@GLIBC_2.0
                0x0000caac                sqrt@@GLIBC_2.0
                0x0000cab8                regcomp@@GLIBC_2.0
                0x0000cac4                opendir@@GLIBC_2.0
                0x0000cad0                getopt_long@@GLIBC_2.0
                0x0000cadc                accept@@GLIBC_2.0
                0x0000cae8                tcflush@@GLIBC_2.0
                0x0000caf4                symlink@@GLIBC_2.0
                0x0000cb00                ioctl@@GLIBC_2.0
                0x0000cb0c                socket@@GLIBC_2.0
                0x0000cb18                dup2@@GLIBC_2.0
                0x0000cb24                fseek@@GLIBC_2.0
                0x0000cb30                inet_aton@@GLIBC_2.0
                0x0000cb3c                vsyslog@@GLIBC_2.0
                0x0000cb48                getpriority@@GLIBC_2.0
                0x0000cb54                execlp@@GLIBC_2.0
                0x0000cb60                isatty@@GLIBC_2.0
                0x0000cb6c                isblank@@GLIBC_2.0
                0x0000cb78                realpath@@GLIBC_2.3
                0x0000cb84                strsignal@@GLIBC_2.0
                0x0000cb90                vfork@@GLIBC_2.0
                0x0000cb9c                getaddrinfo@@GLIBC_2.0
                0x0000cba8                umask@@GLIBC_2.0
                0x0000cbb4                fclose@@GLIBC_2.1
                0x0000cbc0                ftello64@@GLIBC_2.1
                0x0000cbcc                sethostname@@GLIBC_2.0
                0x0000cbd8                setuid@@GLIBC_2.0
                0x0000cbe4                dup@@GLIBC_2.0
                0x0000cbf0                dprintf@@GLIBC_2.0
                0x0000cbfc                _setjmp@@GLIBC_2.0
                0x0000cc08                tcgetpgrp@@GLIBC_2.0
                0x0000cc14                mktime@@GLIBC_2.0
                0x0000cc20                fsync@@GLIBC_2.0
                0x0000cc2c                readdir64@@GLIBC_2.2
                0x0000cc38                getopt@@GLIBC_2.0
                0x0000cc44                xdr_enum@@GLIBC_2.0
                0x0000cc50                clntudp_create@@GLIBC_2.0
                0x0000cc5c                memcpy@@GLIBC_2.0
                0x0000cc68                cfsetospeed@@GLIBC_2.0
                0x0000cc74                utime@@GLIBC_2.0
                0x0000cc80                execv@@GLIBC_2.0
                0x0000cc8c                reboot@@GLIBC_2.0
                0x0000cc98                strtoul@@GLIBC_2.0
                0x0000cca4                execvp@@GLIBC_2.0
                0x0000ccb0                strlen@@GLIBC_2.0
                0x0000ccbc                getdomainname@@GLIBC_2.0
                0x0000ccc8                cos@@GLIBC_2.0
                0x0000ccd4                alarm@@GLIBC_2.0
                0x0000cce0                mkdtemp@@GLIBC_2.2
                0x0000ccec                unlink@@GLIBC_2.0
                0x0000ccf8                nice@@GLIBC_2.0
                0x0000cd04                klogctl@@GLIBC_2.0
                0x0000cd10                sched_getparam@@GLIBC_2.0
                0x0000cd1c                asprintf@@GLIBC_2.0
                0x0000cd28                getppid@@GLIBC_2.0
                0x0000cd34                setlocale@@GLIBC_2.0
                0x0000cd40                waitpid@@GLIBC_2.0
                0x0000cd4c                clearerr@@GLIBC_2.0
                0x0000cd58                sigdelset@@GLIBC_2.0
                0x0000cd64                __h_errno_location@@GLIBC_2.0
                0x0000cd70                fgetc@@GLIBC_2.0
                0x0000cd7c                __xpg_basename@@GLIBC_2.0
                0x0000cd88                stime@@GLIBC_2.0
                0x0000cd94                feof@@GLIBC_2.0
                0x0000cda0                chroot@@GLIBC_2.0
                0x0000cdac                strcpy@@GLIBC_2.0
                0x0000cdb8                getegid@@GLIBC_2.0
                0x0000cdc4                ftell@@GLIBC_2.0
                0x0000cdd0                longjmp@@GLIBC_2.0
                0x0000cddc                isascii@@GLIBC_2.0
                0x0000cde8                printf@@GLIBC_2.0
                0x0000cdf4                pmap_getmaps@@GLIBC_2.0
                0x0000ce00                killpg@@GLIBC_2.0
                0x0000ce0c                mkfifo@@GLIBC_2.0
                0x0000ce18                chdir@@GLIBC_2.0
                0x0000ce24                ctime@@GLIBC_2.0
                0x0000ce30                bind@@GLIBC_2.0
                0x0000ce3c                getuid@@GLIBC_2.0
                0x0000ce48                sched_getaffinity@@GLIBC_2.3.4
                0x0000ce54                raise@@GLIBC_2.0
                0x0000ce60                create_module@@GLIBC_2.0
                0x0000ce6c                gethostbyaddr@@GLIBC_2.0
                0x0000ce78                atoi@@GLIBC_2.0
                0x0000ce84                putenv@@GLIBC_2.0
                0x0000ce90                wait3@@GLIBC_2.0
                0x0000ce9c                xdr_bytes@@GLIBC_2.0
                0x0000cea8                strcasecmp@@GLIBC_2.0
                0x0000ceb4                ptsname@@GLIBC_2.1
                0x0000cec0                atof@@GLIBC_2.0
                0x0000cecc                mkstemp64@@GLIBC_2.2
                0x0000ced8                getutent@@GLIBC_2.0
                0x0000cee4                regerror@@GLIBC_2.0
                0x0000cef0                select@@GLIBC_2.0
                0x0000cefc                getmntent_r@@GLIBC_2.0
                0x0000cf08                closedir@@GLIBC_2.0
                0x0000cf14                close@@GLIBC_2.0
                0x0000cf20                fwrite@@GLIBC_2.0
                0x0000cf2c                xdr_string@@GLIBC_2.0
                0x0000cf38                isalnum@@GLIBC_2.0
                0x0000cf44                fprintf@@GLIBC_2.0
                0x0000cf50                strstr@@GLIBC_2.0
                0x0000cf5c                time@@GLIBC_2.0
                0x0000cf68                setvbuf@@GLIBC_2.0
                0x0000cf74                strncat@@GLIBC_2.0
                0x0000cf80                remove@@GLIBC_2.0
                0x0000cf8c                execve@@GLIBC_2.0
                0x0000cf98                ftruncate64@@GLIBC_2.1
                0x0000cfa4                malloc@@GLIBC_2.0
                0x0000cfb0                sigprocmask@@GLIBC_2.0
                0x0000cfbc                endmntent@@GLIBC_2.0
                0x0000cfc8                isupper@@GLIBC_2.0
                0x0000cfd4                getlogin_r@@GLIBC_2.0
                0x0000cfe0                isgraph@@GLIBC_2.0
                0x0000cfec                __cmsg_nxthdr@@GLIBC_2.0
                0x0000cff8                sched_get_priority_min@@GLIBC_2.0
                0x0000d004                getmntent@@GLIBC_2.0
                0x0000d010                msgctl@@GLIBC_2.2
                0x0000d01c                gethostname@@GLIBC_2.0
                0x0000d028                munlock@@GLIBC_2.0
                0x0000d034                atan2@@GLIBC_2.0
                0x0000d040                fputc@@GLIBC_2.0
                0x0000d04c                memrchr@@GLIBC_2.2
                0x0000d058                xdr_u_int@@GLIBC_2.0
                0x0000d064                vdprintf@@GLIBC_2.0
                0x0000d070                rmdir@@GLIBC_2.0
                0x0000d07c                strtok@@GLIBC_2.0
                0x0000d088                strnlen@@GLIBC_2.0
                0x0000d094                strcasestr@@GLIBC_2.1
                0x0000d0a0                readahead@@GLIBC_2.3
                0x0000d0ac                poll@@GLIBC_2.0
                0x0000d0b8                sleep@@GLIBC_2.0
                0x0000d0c4                sigaddset@@GLIBC_2.0
                0x0000d0d0                readlink@@GLIBC_2.0
                0x0000d0dc                strtok_r@@GLIBC_2.0
                0x0000d0e8                strncasecmp@@GLIBC_2.0
                0x0000d0f4                memmove@@GLIBC_2.0
                0x0000d100                cfgetospeed@@GLIBC_2.0
                0x0000d10c                endutent@@GLIBC_2.0
                0x0000d118                __ctype_tolower_loc@@GLIBC_2.3
                0x0000d124                getnameinfo@@GLIBC_2.1
                0x0000d130                strcat@@GLIBC_2.0
                0x0000d13c                pause@@GLIBC_2.0
                0x0000d148                getcwd@@GLIBC_2.0
                0x0000d154                sigfillset@@GLIBC_2.0
                0x0000d160                ether_hostton@@GLIBC_2.0
                0x0000d16c                vasprintf@@GLIBC_2.0
                0x0000d178                settimeofday@@GLIBC_2.0
                0x0000d184                log@@GLIBC_2.0
                0x0000d190                puts@@GLIBC_2.0
                0x0000d19c                recvmsg@@GLIBC_2.0
                0x0000d1a8                fork@@GLIBC_2.0
                0x0000d1b4                utmpname@@GLIBC_2.0
                0x0000d1c0                __fxstat64@@GLIBC_2.2
                0x0000d1cc                setsockopt@@GLIBC_2.0
                0x0000d1d8                pmap_getport@@GLIBC_2.0
                0x0000d1e4                tcsetattr@@GLIBC_2.0
                0x0000d1f0                fcntl@@GLIBC_2.0
                0x0000d1fc                updwtmp@@GLIBC_2.0
                0x0000d208                getrlimit64@@GLIBC_2.2
                0x0000d214                flock@@GLIBC_2.0
                0x0000d220                rand@@GLIBC_2.0
                0x0000d22c                strspn@@GLIBC_2.0
                0x0000d238                delete_module@@GLIBC_2.0
                0x0000d244                sscanf@@GLIBC_2.0
                0x0000d250                gmtime@@GLIBC_2.0
                0x0000d25c                getusershell@@GLIBC_2.0
                0x0000d268                fscanf@@GLIBC_2.0
                0x0000d274                getgroups@@GLIBC_2.0
                0x0000d280                memchr@@GLIBC_2.0
                0x0000d28c                sendfile64@@GLIBC_2.3
                0x0000d298                fnmatch@@GLIBC_2.2.3
                0x0000d2a4                strncmp@@GLIBC_2.0
                0x0000d2b0                lchown@@GLIBC_2.0
                0x0000d2bc                crypt@@GLIBC_2.0
                0x0000d2c8                setutent@@GLIBC_2.0
                0x0000d2d4                vfprintf@@GLIBC_2.0
                0x0000d2e0                unlockpt@@GLIBC_2.1
                0x0000d2ec                link@@GLIBC_2.0
                0x0000d2f8                personality@@GLIBC_2.0
                0x0000d304                _IO_putc@@GLIBC_2.0
                0x0000d310                munmap@@GLIBC_2.0
                0x0000d31c                mlock@@GLIBC_2.0
                0x0000d328                strpbrk@@GLIBC_2.0
                0x0000d334                xdr_array@@GLIBC_2.0
                0x0000d340                pipe@@GLIBC_2.0
                0x0000d34c                fchdir@@GLIBC_2.0
                0x0000d358                fread@@GLIBC_2.0
                0x0000d364                getsockopt@@GLIBC_2.0
                0x0000d370                closelog@@GLIBC_2.0
                0x0000d37c                strftime@@GLIBC_2.0
                0x0000d388                setgid@@GLIBC_2.0
                0x0000d394                snprintf@@GLIBC_2.0
                0x0000d3a0                kill@@GLIBC_2.0
                0x0000d3ac                __res_init@@GLIBC_2.2
                0x0000d3b8                mmap64@@GLIBC_2.1
                0x0000d3c4                times@@GLIBC_2.0
                0x0000d3d0                strchrnul@@GLIBC_2.1.1
                0x0000d3dc                strcspn@@GLIBC_2.0
                0x0000d3e8                grantpt@@GLIBC_2.1
                0x0000d3f4                sin@@GLIBC_2.0
                0x0000d400                strdup@@GLIBC_2.0
                0x0000d40c                getpeername@@GLIBC_2.0
                0x0000d418                gethostbyname@@GLIBC_2.0
                0x0000d424                chown@@GLIBC_2.0
                0x0000d430                recvfrom@@GLIBC_2.0
                0x0000d43c                ferror@@GLIBC_2.0
                0x0000d448                sysinfo@@GLIBC_2.0
                0x0000d454                tolower@@GLIBC_2.0
                0x0000d460                lseek64@@GLIBC_2.1
                0x0000d46c                getitimer@@GLIBC_2.0
                0x0000d478                endusershell@@GLIBC_2.0
                0x0000d484                strcmp@@GLIBC_2.0
                0x0000d490                getservbyname@@GLIBC_2.0
                0x0000d49c                adjtimex@@GLIBC_2.0
                0x0000d4a8                setenv@@GLIBC_2.0
                0x0000d4b4                exit@@GLIBC_2.0
                0x0000d4c0                cfsetispeed@@GLIBC_2.0
                0x0000d4cc                difftime@@GLIBC_2.0
                0x0000d4d8                fchmod@@GLIBC_2.0
                0x0000d4e4                pclose@@GLIBC_2.1
                0x0000d4f0                islower@@GLIBC_2.0
                0x0000d4fc                sched_setaffinity@@GLIBC_2.3.4
                0x0000d508                sigsuspend@@GLIBC_2.0
                0x0000d514                freopen64@@GLIBC_2.1
                0x0000d520                getpgrp@@GLIBC_2.0
                0x0000d52c                getgid@@GLIBC_2.0
                0x0000d538                shmget@@GLIBC_2.0
                0x0000d544                getsid@@GLIBC_2.0
                0x0000d550                pututline@@GLIBC_2.0
                0x0000d55c                geteuid@@GLIBC_2.0

.text           0x0000d568    0x955c8
 *(.text .stub .text.* .gnu.linkonce.t.*)
 .text          0x0000d568       0x38 /opt/arm-linux-gcc-3.4.5/bin/../lib/gcc/arm-linux/3.4.5/../../../../arm-linux/lib/crt1.o
                0x0000d568                _start
 .text          0x0000d5a0       0x30 /opt/arm-linux-gcc-3.4.5/bin/../lib/gcc/arm-linux/3.4.5/../../../../arm-linux/lib/crti.o
 .text          0x0000d5d0       0x8c /opt/arm-linux-gcc-3.4.5/bin/../lib/gcc/arm-linux/3.4.5/crtbegin.o
 .text.get_trimmed_slice
                0x0000d65c       0x44 applets/built-in.o
 .text.bb_show_usage
                0x0000d6a0      0x104 applets/built-in.o
                0x0000d6a0                bb_show_usage
 .text.applet_name_compare
                0x0000d7a4        0x8 applets/built-in.o
 .text.find_applet_by_name
                0x0000d7ac       0x34 applets/built-in.o
                0x0000d7ac                find_applet_by_name
 .text.run_current_applet_and_exit
                0x0000d7e0      0x21c applets/built-in.o
                0x0000d7e0                run_current_applet_and_exit
 .text.run_applet_and_exit
                0x0000d9fc      0x298 applets/built-in.o
                0x0000d9fc                run_applet_and_exit
 .text.main     0x0000dc94      0x440 applets/built-in.o
                0x0000dc94                main
 .text.header_verbose_list_ar
                0x0000e0d4       0x78 archival/lib.a(ar.o)
 .text.ar_main  0x0000e14c      0x180 archival/lib.a(ar.o)
                0x0000e14c                ar_main
 .text.open_to_or_warn
                0x0000e2cc       0x38 archival/lib.a(bbunzip.o)
 .text.bbunpack
                0x0000e304      0x1bc archival/lib.a(bbunzip.o)
                0x0000e304                bbunpack
 .text.make_new_name_generic
                0x0000e4c0       0x40 archival/lib.a(bbunzip.o)
 .text.make_new_name_bunzip2
                0x0000e500        0xc archival/lib.a(bbunzip.o)
 .text.unpack_bunzip2
                0x0000e50c        0xc archival/lib.a(bbunzip.o)
 .text.bunzip2_main
                0x0000e518       0x6c archival/lib.a(bbunzip.o)
                0x0000e518                bunzip2_main
 .text.make_new_name_gunzip
                0x0000e584       0xac archival/lib.a(bbunzip.o)
 .text.unpack_gunzip
                0x0000e630       0x90 archival/lib.a(bbunzip.o)
 .text.gunzip_main
                0x0000e6c0       0x6c archival/lib.a(bbunzip.o)
                0x0000e6c0                gunzip_main
 .text.make_new_name_unlzma
                0x0000e72c        0xc archival/lib.a(bbunzip.o)
 .text.unpack_unlzma
                0x0000e738        0xc archival/lib.a(bbunzip.o)
 .text.unlzma_main
                0x0000e744       0x6c archival/lib.a(bbunzip.o)
                0x0000e744                unlzma_main
 .text.make_new_name_uncompress
                0x0000e7b0        0xc archival/lib.a(bbunzip.o)
 .text.unpack_uncompress
                0x0000e7bc       0x60 archival/lib.a(bbunzip.o)
 .text.uncompress_main
                0x0000e81c       0x40 archival/lib.a(bbunzip.o)
                0x0000e81c                uncompress_main
 .text.cpio_main
                0x0000e85c      0x164 archival/lib.a(cpio.o)
                0x0000e85c                cpio_main
 .text.make_hash
                0x0000e9c0       0x80 archival/lib.a(dpkg.o)
 .text.search_name_hashtable
                0x0000ea40       0xb4 archival/lib.a(dpkg.o)
 .text.search_status_hashtable
                0x0000eaf4       0xd0 archival/lib.a(dpkg.o)
 .text.version_compare_part
                0x0000ebc4      0x1a8 archival/lib.a(dpkg.o)
 .text.test_version
                0x0000ed6c      0x178 archival/lib.a(dpkg.o)
 .text.search_package_hashtable
                0x0000eee4       0xdc archival/lib.a(dpkg.o)
 .text.add_edge_to_node
                0x0000efc0       0x50 archival/lib.a(dpkg.o)
 .text.add_split_dependencies
                0x0000f010      0x344 archival/lib.a(dpkg.o)
 .text.free_package
                0x0000f354       0x50 archival/lib.a(dpkg.o)
 .text.read_package_field
                0x0000f3a4      0x130 archival/lib.a(dpkg.o)
 .text.fill_package_struct
                0x0000f4d4      0x1dc archival/lib.a(dpkg.o)
 .text.get_status
                0x0000f6b0       0xa8 archival/lib.a(dpkg.o)
 .text.set_status
                0x0000f758       0xd0 archival/lib.a(dpkg.o)
 .text.write_buffer_no_status
                0x0000f828       0x70 archival/lib.a(dpkg.o)
 .text.package_satisfies_dependency
                0x0000f898       0xb0 archival/lib.a(dpkg.o)
 .text.create_list
                0x0000f948       0x74 archival/lib.a(dpkg.o)
 .text.remove_file_array
                0x0000f9bc       0xc4 archival/lib.a(dpkg.o)
 .text.run_package_script
                0x0000fa80       0x5c archival/lib.a(dpkg.o)
 .text.all_control_list
                0x0000fadc       0x60 archival/lib.a(dpkg.o)
 .text.free_array
                0x0000fb3c       0x40 archival/lib.a(dpkg.o)
 .text.remove_package
                0x0000fb7c      0x19c archival/lib.a(dpkg.o)
 .text.init_archive_deb_ar
                0x0000fd18       0x34 archival/lib.a(dpkg.o)
 .text.init_archive_deb_control
                0x0000fd4c       0x30 archival/lib.a(dpkg.o)
 .text.data_extract_all_prefix
                0x0000fd7c       0x50 archival/lib.a(dpkg.o)
 .text.unpack_package
                0x0000fdcc      0x2b0 archival/lib.a(dpkg.o)
 .text.configure_package
                0x0001007c       0xb4 archival/lib.a(dpkg.o)
 .text.dpkg_main
                0x00010130     0x1524 archival/lib.a(dpkg.o)
                0x00010130                dpkg_main
 .text.flush_outbuf
                0x00011654       0x34 archival/lib.a(gzip.o)
 .text.put_16bit
                0x00011688       0x84 archival/lib.a(gzip.o)
 .text.put_32bit
                0x0001170c       0x20 archival/lib.a(gzip.o)
 .text.file_read
                0x0001172c       0x80 archival/lib.a(gzip.o)
 .text.send_bits
                0x000117ac       0xb0 archival/lib.a(gzip.o)
 .text.bi_reverse
                0x0001185c       0x28 archival/lib.a(gzip.o)
 .text.bi_windup
                0x00011884       0x70 archival/lib.a(gzip.o)
 .text.copy_block
                0x000118f4       0x7c archival/lib.a(gzip.o)
 .text.fill_window
                0x00011970      0x160 archival/lib.a(gzip.o)
 .text.init_block
                0x00011ad0       0xec archival/lib.a(gzip.o)
 .text.pqdownheap
                0x00011bbc      0x19c archival/lib.a(gzip.o)
 .text.gen_codes
                0x00011d58       0xd8 archival/lib.a(gzip.o)
 .text.build_tree
                0x00011e30      0x700 archival/lib.a(gzip.o)
 .text.scan_tree
                0x00012530      0x1d8 archival/lib.a(gzip.o)
 .text.send_tree
                0x00012708      0x200 archival/lib.a(gzip.o)
 .text.ct_tally
                0x00012908      0x274 archival/lib.a(gzip.o)
 .text.compress_block
                0x00012b7c      0x1d8 archival/lib.a(gzip.o)
 .text.flush_block
                0x00012d54      0x2e0 archival/lib.a(gzip.o)
 .text.make_new_name_gzip
                0x00013034       0x10 archival/lib.a(gzip.o)
 .text.pack_gzip
                0x00013044      0xa24 archival/lib.a(gzip.o)
 .text.gzip_main
                0x00013a68      0x1b4 archival/lib.a(gzip.o)
                0x00013a68                gzip_main
 .text.bsearch_rpmtag
                0x00013c1c       0x14 archival/lib.a(rpm.o)
 .text.rpm_getint
                0x00013c30       0xe0 archival/lib.a(rpm.o)
 .text.rpm_getstr
                0x00013d10       0xd4 archival/lib.a(rpm.o)
 .text.loop_through_files
                0x00013de4       0x90 archival/lib.a(rpm.o)
 .text.rpm_main
                0x00013e74      0x8cc archival/lib.a(rpm.o)
                0x00013e74                rpm_main
 .text.fileaction_dobackup
                0x00014740       0x88 archival/lib.a(rpm.o)
 .text.fileaction_setowngrp
                0x000147c8       0x44 archival/lib.a(rpm.o)
 .text.skip_header
                0x0001480c       0xc4 archival/lib.a(rpm2cpio.o)
 .text.rpm2cpio_main
                0x000148d0      0x174 archival/lib.a(rpm2cpio.o)
                0x000148d0                rpm2cpio_main
 .text.putOctal
                0x00014a44       0x60 archival/lib.a(tar.o)
 .text.chksum_and_xwrite
                0x00014aa4       0x78 archival/lib.a(tar.o)
 .text.writeLongname
                0x00014b1c      0x108 archival/lib.a(tar.o)
 .text.writeFileToTarball
                0x00014c24      0x694 archival/lib.a(tar.o)
 .text.writeTarFile
                0x000152b8      0x2ec archival/lib.a(tar.o)
 .text.append_file_list_to_list
                0x000155a4       0x8c archival/lib.a(tar.o)
 .text.get_header_tar_Z
                0x00015630       0x84 archival/lib.a(tar.o)
 .text.tar_main
                0x000156b4      0x3a8 archival/lib.a(tar.o)
                0x000156b4                tar_main
 .text.unzip_skip
                0x00015a5c       0x68 archival/lib.a(unzip.o)
 .text.unzip_create_leading_dirs
                0x00015ac4       0x3c archival/lib.a(unzip.o)
 .text.unzip_main
                0x00015b00      0x90c archival/lib.a(unzip.o)
                0x00015b00                unzip_main
 .text.check_header_gzip_or_die
                0x0001640c       0xcc archival/libunarchive/lib.a(check_header_gzip.o)
                0x0001640c                check_header_gzip_or_die
 .text.data_extract_all
                0x000164d8      0x33c archival/libunarchive/lib.a(data_extract_all.o)
                0x000164d8                data_extract_all
 .text.data_extract_to_buffer
                0x00016814       0x30 archival/libunarchive/lib.a(data_extract_to_buffer.o)
                0x00016814                data_extract_to_buffer
 .text.data_extract_to_stdout
                0x00016844       0x18 archival/libunarchive/lib.a(data_extract_to_stdout.o)
                0x00016844                data_extract_to_stdout
 .text.data_skip
                0x0001685c       0x18 archival/libunarchive/lib.a(data_skip.o)
                0x0001685c                data_skip
 .text.get_bits
                0x00016874       0xdc archival/libunarchive/lib.a(decompress_bunzip2.o)
 .text.get_next_block
                0x00016950      0x80c archival/libunarchive/lib.a(decompress_bunzip2.o)
 .text.read_bunzip
                0x0001715c      0x174 archival/libunarchive/lib.a(decompress_bunzip2.o)
                0x0001715c                read_bunzip
 .text.start_bunzip
                0x000172d0       0xf0 archival/libunarchive/lib.a(decompress_bunzip2.o)
                0x000172d0                start_bunzip
 .text.dealloc_bunzip
                0x000173c0       0x1c archival/libunarchive/lib.a(decompress_bunzip2.o)
                0x000173c0                dealloc_bunzip
 .text.unpack_bz2_stream
                0x000173dc       0xd4 archival/libunarchive/lib.a(decompress_bunzip2.o)
                0x000173dc                unpack_bz2_stream
 .text.uncompress
                0x000174b0      0x4c0 archival/libunarchive/lib.a(decompress_uncompress.o)
                0x000174b0                uncompress
 .text.rc_read  0x00017970       0x40 archival/libunarchive/lib.a(decompress_unlzma.o)
 .text.rc_do_normalize
                0x000179b0       0x3c archival/libunarchive/lib.a(decompress_unlzma.o)
 .text.rc_get_bit
                0x000179ec       0xb4 archival/libunarchive/lib.a(decompress_unlzma.o)
 .text.unpack_lzma_stream
                0x00017aa0      0xc28 archival/libunarchive/lib.a(decompress_unlzma.o)
                0x00017aa0                unpack_lzma_stream
 .text.alloc_state
                0x000186c8       0x28 archival/libunarchive/lib.a(decompress_unzip.o)
 .text.fill_bitbuffer
                0x000186f0       0xa4 archival/libunarchive/lib.a(decompress_unzip.o)
 .text.huft_free
                0x00018794       0x28 archival/libunarchive/lib.a(decompress_unzip.o)
 .text.huft_build
                0x000187bc      0x5f4 archival/libunarchive/lib.a(decompress_unzip.o)
 .text.inflate_codes_setup
                0x00018db0       0x6c archival/libunarchive/lib.a(decompress_unzip.o)
 .text.calculate_gunzip_crc
                0x00018e1c       0x58 archival/libunarchive/lib.a(decompress_unzip.o)
 .text.inflate_unzip_internal
                0x00018e74      0xd18 archival/libunarchive/lib.a(decompress_unzip.o)
 .text.inflate_unzip
                0x00019b8c       0x64 archival/libunarchive/lib.a(decompress_unzip.o)
                0x00019b8c                inflate_unzip
 .text.unpack_gz_stream
                0x00019bf0      0x11c archival/libunarchive/lib.a(decompress_unzip.o)
                0x00019bf0                unpack_gz_stream
 .text.filter_accept_list
                0x00019d0c       0x20 archival/libunarchive/lib.a(filter_accept_list.o)
                0x00019d0c                filter_accept_list
 .text.filter_accept_list_reassign
                0x00019d2c       0x58 archival/libunarchive/lib.a(filter_accept_list_reassign.o)
                0x00019d2c                filter_accept_list_reassign
 .text.filter_accept_reject_list
                0x00019d84       0x54 archival/libunarchive/lib.a(filter_accept_reject_list.o)
                0x00019d84                filter_accept_reject_list
 .text.find_list_entry
                0x00019dd8       0x44 archival/libunarchive/lib.a(find_list_entry.o)
                0x00019dd8                find_list_entry
 .text.find_list_entry2
                0x00019e1c       0xcc archival/libunarchive/lib.a(find_list_entry.o)
                0x00019e1c                find_list_entry2
 .text.get_header_ar
                0x00019ee8      0x2d0 archival/libunarchive/lib.a(get_header_ar.o)
                0x00019ee8                get_header_ar
 .text.get_header_cpio
                0x0001a1b8      0x438 archival/libunarchive/lib.a(get_header_cpio.o)
                0x0001a1b8                get_header_cpio
 .text.getOctal
                0x0001a5f0       0x4c archival/libunarchive/lib.a(get_header_tar.o)
 .text.get_header_tar
                0x0001a63c      0x600 archival/libunarchive/lib.a(get_header_tar.o)
                0x0001a63c                get_header_tar
 .text.get_header_tar_bz2
                0x0001ac3c       0x50 archival/libunarchive/lib.a(get_header_tar_bz2.o)
                0x0001ac3c                get_header_tar_bz2
 .text.get_header_tar_gz
                0x0001ac8c       0x94 archival/libunarchive/lib.a(get_header_tar_gz.o)
                0x0001ac8c                get_header_tar_gz
 .text.get_header_tar_lzma
                0x0001ad20       0x50 archival/libunarchive/lib.a(get_header_tar_lzma.o)
                0x0001ad20                get_header_tar_lzma
 .text.header_list
                0x0001ad70        0x8 archival/libunarchive/lib.a(header_list.o)
                0x0001ad70                header_list
 .text.header_verbose_list
                0x0001ad78       0xb0 archival/libunarchive/lib.a(header_verbose_list.o)
                0x0001ad78                header_verbose_list
 .text.init_handle
                0x0001ae28       0x54 archival/libunarchive/lib.a(init_handle.o)
                0x0001ae28                init_handle
 .text.open_transformer
                0x0001ae7c       0x7c archival/libunarchive/lib.a(open_transformer.o)
                0x0001ae7c                open_transformer
 .text.seek_by_jump
                0x0001aef8       0x68 archival/libunarchive/lib.a(seek_by_jump.o)
                0x0001aef8                seek_by_jump
 .text.seek_by_read
                0x0001af60       0x18 archival/libunarchive/lib.a(seek_by_read.o)
                0x0001af60                seek_by_read
 .text.unpack_ar_archive
                0x0001af78       0x74 archival/libunarchive/lib.a(unpack_ar_archive.o)
                0x0001af78                unpack_ar_archive
 .text.archive_xread_all_eof
                0x0001afec       0x30 archival/libunarchive/lib.a(archive_xread_all_eof.o)
                0x0001afec                archive_xread_all_eof
 .text.data_align
                0x0001b01c       0x74 archival/libunarchive/lib.a(data_align.o)
                0x0001b01c                data_align
 .text.filter_accept_all
                0x0001b090       0x14 archival/libunarchive/lib.a(filter_accept_all.o)
                0x0001b090                filter_accept_all
 .text.header_skip
                0x0001b0a4        0x4 archival/libunarchive/lib.a(header_skip.o)
                0x0001b0a4                header_skip
 .text.chvt_main
                0x0001b0a8       0x6c console-tools/lib.a(chvt.o)
                0x0001b0a8                chvt_main
 .text.clear_main
                0x0001b114       0x1c console-tools/lib.a(clear.o)
                0x0001b114                clear_main
 .text.deallocvt_main
                0x0001b130       0x5c console-tools/lib.a(deallocvt.o)
                0x0001b130                deallocvt_main
 .text.dumpkmap_main
                0x0001b18c      0x120 console-tools/lib.a(dumpkmap.o)
                0x0001b18c                dumpkmap_main
 .text.do_loadfont
                0x0001b2ac       0xdc console-tools/lib.a(loadfont.o)
 .text.loadfont_main
                0x0001b388      0x224 console-tools/lib.a(loadfont.o)
                0x0001b388                loadfont_main
 .text.loadkmap_main
                0x0001b5ac       0xf8 console-tools/lib.a(loadkmap.o)
                0x0001b5ac                loadkmap_main
 .text.openvt_main
                0x0001b6a4       0x80 console-tools/lib.a(openvt.o)
                0x0001b6a4                openvt_main
 .text.reset_main
                0x0001b724       0x24 console-tools/lib.a(reset.o)
                0x0001b724                reset_main
 .text.onintr   0x0001b748       0x20 console-tools/lib.a(resize.o)
 .text.resize_main
                0x0001b768      0x150 console-tools/lib.a(resize.o)
                0x0001b768                resize_main
 .text.setconsole_main
                0x0001b8b8       0xa4 console-tools/lib.a(setconsole.o)
                0x0001b8b8                setconsole_main
 .text.setkeycodes_main
                0x0001b95c       0xc8 console-tools/lib.a(setkeycodes.o)
                0x0001b95c                setkeycodes_main
 .text.setlogcons_main
                0x0001ba24       0x6c console-tools/lib.a(setlogcons.o)
                0x0001ba24                setlogcons_main
 .text.basename_main
                0x0001ba90       0x80 coreutils/lib.a(basename.o)
                0x0001ba90                basename_main
 .text.leap_year
                0x0001bb10       0x64 coreutils/lib.a(cal.o)
 .text.day_array
                0x0001bb74      0x198 coreutils/lib.a(cal.o)
 .text.blank_string
                0x0001bd0c       0x28 coreutils/lib.a(cal.o)
 .text.build_row
                0x0001bd34       0xcc coreutils/lib.a(cal.o)
 .text.trim_trailing_spaces_and_print
                0x0001be00       0x54 coreutils/lib.a(cal.o)
 .text.center   0x0001be54       0x54 coreutils/lib.a(cal.o)
 .text.cal_main
                0x0001bea8      0x3e8 coreutils/lib.a(cal.o)
                0x0001bea8                cal_main
 .text.bb_cat   0x0001c290       0x94 coreutils/lib.a(cat.o)
                0x0001c290                bb_cat
 .text.cat_main
                0x0001c324       0x30 coreutils/lib.a(cat.o)
                0x0001c324                cat_main
 .text.catv_main
                0x0001c354      0x140 coreutils/lib.a(catv.o)
                0x0001c354                catv_main
 .text.chgrp_main
                0x0001c494       0x5c coreutils/lib.a(chgrp.o)
                0x0001c494                chgrp_main
 .text.fileAction
                0x0001c4f0       0xa8 coreutils/lib.a(chmod.o)
 .text.chmod_main
                0x0001c598       0xf4 coreutils/lib.a(chmod.o)
                0x0001c598                chmod_main
 .text.fileAction
                0x0001c68c       0x68 coreutils/lib.a(chown.o)
 .text.chown_main
                0x0001c6f4       0xc4 coreutils/lib.a(chown.o)
                0x0001c6f4                chown_main
 .text.chroot_main
                0x0001c7b8       0x94 coreutils/lib.a(chroot.o)
                0x0001c7b8                chroot_main
 .text.cksum_main
                0x0001c84c      0x11c coreutils/lib.a(cksum.o)
                0x0001c84c                cksum_main
 .text.writeline
                0x0001c968       0x70 coreutils/lib.a(comm.o)
 .text.comm_main
                0x0001c9d8      0x278 coreutils/lib.a(comm.o)
                0x0001c9d8                comm_main
 .text.cp_main  0x0001cc50      0x12c coreutils/lib.a(cp.o)
                0x0001cc50                cp_main
 .text.cmpfunc  0x0001cd7c       0x10 coreutils/lib.a(cut.o)
 .text.cut_file
                0x0001cd8c      0x2b8 coreutils/lib.a(cut.o)
 .text.cut_main
                0x0001d044      0x29c coreutils/lib.a(cut.o)
                0x0001d044                cut_main
 .text.maybe_set_utc
                0x0001d2e0       0x14 coreutils/lib.a(date.o)
 .text.date_main
                0x0001d2f4      0x508 coreutils/lib.a(date.o)
                0x0001d2f4                date_main
 .text.dd_output_status
                0x0001d7fc       0x5c coreutils/lib.a(dd.o)
 .text.full_write_or_warn
                0x0001d858       0x28 coreutils/lib.a(dd.o)
 .text.write_and_stats
                0x0001d880       0x5c coreutils/lib.a(dd.o)
 .text.dd_main  0x0001d8dc      0x670 coreutils/lib.a(dd.o)
                0x0001d8dc                dd_main
 .text.df_main  0x0001df4c      0x31c coreutils/lib.a(df.o)
                0x0001df4c                df_main
 .text.dirname_main
                0x0001e268       0x2c coreutils/lib.a(dirname.o)
                0x0001e268                dirname_main
 .text.dos2unix_main
                0x0001e294      0x1d8 coreutils/lib.a(dos2unix.o)
                0x0001e294                dos2unix_main
 .text.print    0x0001e46c       0x38 coreutils/lib.a(du.o)
 .text.du       0x0001e4a4      0x228 coreutils/lib.a(du.o)
 .text.du_main  0x0001e6cc      0x19c coreutils/lib.a(du.o)
                0x0001e6cc                du_main
 .text.bb_echo  0x0001e868      0x158 coreutils/lib.a(echo.o)
                0x0001e868                bb_echo
 .text.echo_main
                0x0001e9c0        0x8 coreutils/lib.a(echo.o)
                0x0001e9c0                echo_main
 .text.env_main
                0x0001e9c8      0x170 coreutils/lib.a(env.o)
                0x0001e9c8                env_main
 .text.xputchar
                0x0001eb38       0x20 coreutils/lib.a(expand.o)
 .text.expand_main
                0x0001eb58      0x380 coreutils/lib.a(expand.o)
                0x0001eb58                expand_main
 .text.int_value
                0x0001eed8       0x24 coreutils/lib.a(expr.o)
 .text.str_value
                0x0001eefc       0x30 coreutils/lib.a(expr.o)
 .text.freev    0x0001ef2c       0x24 coreutils/lib.a(expr.o)
 .text.null     0x0001ef50       0x50 coreutils/lib.a(expr.o)
 .text.tostring
                0x0001efa0       0x34 coreutils/lib.a(expr.o)
 .text.toarith  0x0001efd4       0x6c coreutils/lib.a(expr.o)
 .text.nextarg  0x0001f040       0x3c coreutils/lib.a(expr.o)
 .text.arithmetic_common
                0x0001f07c       0xb0 coreutils/lib.a(expr.o)
 .text.docolon  0x0001f12c      0x10c coreutils/lib.a(expr.o)
 .text.eval1    0x0001f238       0x90 coreutils/lib.a(expr.o)
 .text.eval     0x0001f2c8       0x70 coreutils/lib.a(expr.o)
 .text.eval6    0x0001f338      0x2d4 coreutils/lib.a(expr.o)
 .text.eval5    0x0001f60c       0x6c coreutils/lib.a(expr.o)
 .text.eval4    0x0001f678       0xb0 coreutils/lib.a(expr.o)
 .text.eval3    0x0001f728       0x98 coreutils/lib.a(expr.o)
 .text.eval2    0x0001f7c0      0x1bc coreutils/lib.a(expr.o)
 .text.expr_main
                0x0001f97c       0x7c coreutils/lib.a(expr.o)
                0x0001f97c                expr_main
 .text.false_main
                0x0001f9f8        0x8 coreutils/lib.a(false.o)
                0x0001f9f8                false_main
 .text.adjust_column
                0x0001fa00       0x58 coreutils/lib.a(fold.o)
 .text.fold_main
                0x0001fa58      0x2e0 coreutils/lib.a(fold.o)
                0x0001fa58                fold_main
 .text.head_main
                0x0001fd38      0x1bc coreutils/lib.a(head.o)
                0x0001fd38                head_main
 .text.hostid_main
                0x0001fef4       0x34 coreutils/lib.a(hostid.o)
                0x0001fef4                hostid_main
 .text.printf_full
                0x0001ff28       0x38 coreutils/lib.a(id.o)
 .text.id_main  0x0001ff60      0x16c coreutils/lib.a(id.o)
                0x0001ff60                id_main
 .text.install_main
                0x000200cc      0x31c coreutils/lib.a(install.o)
                0x000200cc                install_main
 .text.length_main
                0x000203e8       0x4c coreutils/lib.a(length.o)
                0x000203e8                length_main
 .text.ln_main  0x00020434      0x210 coreutils/lib.a(ln.o)
                0x00020434                ln_main
 .text.logname_main
                0x00020644       0x50 coreutils/lib.a(logname.o)
                0x00020644                logname_main
 .text.my_stat  0x00020694       0xc4 coreutils/lib.a(ls.o)
 .text.fgcolor  0x00020758       0x50 coreutils/lib.a(ls.o)
 .text.bgcolor  0x000207a8       0x30 coreutils/lib.a(ls.o)
 .text.append_char
                0x000207d8       0x60 coreutils/lib.a(ls.o)
 .text.count_dirs
                0x00020838       0x80 coreutils/lib.a(ls.o)
 .text.dnalloc  0x000208b8       0x14 coreutils/lib.a(ls.o)
 .text.dfree    0x000208cc       0x4c coreutils/lib.a(ls.o)
 .text.splitdnarray
                0x00020918       0xdc coreutils/lib.a(ls.o)
 .text.sortcmp  0x000209f4       0xb8 coreutils/lib.a(ls.o)
 .text.dnsort   0x00020aac       0x10 coreutils/lib.a(ls.o)
 .text.showfiles
                0x00020abc      0x678 coreutils/lib.a(ls.o)
 .text.showdirs
                0x00021134      0x264 coreutils/lib.a(ls.o)
 .text.ls_main  0x00021398      0x474 coreutils/lib.a(ls.o)
                0x00021398                ls_main
 .text.hash_file
                0x0002180c      0x124 coreutils/lib.a(md5_sha1_sum.o)
 .text.md5_sha1_sum_main
                0x00021930      0x25c coreutils/lib.a(md5_sha1_sum.o)
                0x00021930                md5_sha1_sum_main
 .text.mkdir_main
                0x00021b8c       0xd0 coreutils/lib.a(mkdir.o)
                0x00021b8c                mkdir_main
 .text.mkfifo_main
                0x00021c5c       0x64 coreutils/lib.a(mkfifo.o)
                0x00021c5c                mkfifo_main
 .text.mknod_main
                0x00021cc0      0x108 coreutils/lib.a(mknod.o)
                0x00021cc0                mknod_main
 .text.mv_main  0x00021dc8      0x248 coreutils/lib.a(mv.o)
                0x00021dc8                mv_main
 .text.nice_main
                0x00022010      0x104 coreutils/lib.a(nice.o)
                0x00022010                nice_main
 .text.nohup_main
                0x00022114      0x134 coreutils/lib.a(nohup.o)
                0x00022114                nohup_main
 .text.od_main  0x00022248      0x308 coreutils/lib.a(od.o)
                0x00022248                od_main
 .text.printenv_main
                0x00022550       0x78 coreutils/lib.a(printenv.o)
                0x00022550                printenv_main
 .text.multiconvert
                0x000225c8       0x80 coreutils/lib.a(printf.o)
 .text.conv_strtoul
                0x00022648       0x1c coreutils/lib.a(printf.o)
 .text.conv_strtol
                0x00022664       0x1c coreutils/lib.a(printf.o)
 .text.conv_strtod
                0x00022680       0x40 coreutils/lib.a(printf.o)
 .text.my_xstrtoul
                0x000226c0       0x24 coreutils/lib.a(printf.o)
 .text.my_xstrtol
                0x000226e4       0x24 coreutils/lib.a(printf.o)
 .text.my_xstrtod
                0x00022708       0x24 coreutils/lib.a(printf.o)
 .text.print_direc
                0x0002272c      0x280 coreutils/lib.a(printf.o)
 .text.printf_main
                0x000229ac      0x2f0 coreutils/lib.a(printf.o)
                0x000229ac                printf_main
 .text.pwd_main
                0x00022c9c       0x38 coreutils/lib.a(pwd.o)
                0x00022c9c                pwd_main
 .text.readlink_main
                0x00022cd4       0x90 coreutils/lib.a(readlink.o)
                0x00022cd4                readlink_main
 .text.realpath_main
                0x00022d64       0x5c coreutils/lib.a(realpath.o)
                0x00022d64                realpath_main
 .text.rm_main  0x00022dc0       0xe8 coreutils/lib.a(rm.o)
                0x00022dc0                rm_main
 .text.rmdir_main
                0x00022ea8       0xbc coreutils/lib.a(rmdir.o)
                0x00022ea8                rmdir_main
 .text.seq_main
                0x00022f64      0x13c coreutils/lib.a(seq.o)
                0x00022f64                seq_main
 .text.sleep_main
                0x000230a0       0x50 coreutils/lib.a(sleep.o)
                0x000230a0                sleep_main
 .text.get_key  0x000230f0      0x2c8 coreutils/lib.a(sort.o)
 .text.add_key  0x000233b8       0x2c coreutils/lib.a(sort.o)
 .text.compare_keys
                0x000233e4      0x3f0 coreutils/lib.a(sort.o)
 .text.str2u    0x000237d4       0x3c coreutils/lib.a(sort.o)
 .text.sort_main
                0x00023810      0x470 coreutils/lib.a(sort.o)
                0x00023810                sort_main
 .text.split_main
                0x00023c80      0x2b8 coreutils/lib.a(split.o)
                0x00023c80                split_main
 .text.human_time
                0x00023f38       0x44 coreutils/lib.a(stat.o)
 .text.print_statfs
                0x00023f7c      0x1e4 coreutils/lib.a(stat.o)
 .text.print_stat
                0x00024160      0x4b4 coreutils/lib.a(stat.o)
 .text.print_it
                0x00024614      0x114 coreutils/lib.a(stat.o)
 .text.do_statfs
                0x00024728       0x90 coreutils/lib.a(stat.o)
 .text.do_stat  0x000247b8       0xcc coreutils/lib.a(stat.o)
 .text.stat_main
                0x00024884       0xa4 coreutils/lib.a(stat.o)
                0x00024884                stat_main
 .text.mode_type_flag
                0x00024928       0x1c coreutils/lib.a(stty.o)
 .text.set_speed_or_die
                0x00024944       0x44 coreutils/lib.a(stty.o)
 .text.perror_on_device_and_die
                0x00024988       0x10 coreutils/lib.a(stty.o)
 .text.perror_on_device
                0x00024998       0x10 coreutils/lib.a(stty.o)
 .text.wrapf    0x000249a8       0xd8 coreutils/lib.a(stty.o)
 .text.set_window_size
                0x00024a80       0xac coreutils/lib.a(stty.o)
 .text.display_window_size
                0x00024b2c       0x84 coreutils/lib.a(stty.o)
 .text.find_mode
                0x00024bb0       0x4c coreutils/lib.a(stty.o)
 .text.find_control
                0x00024bfc       0x4c coreutils/lib.a(stty.o)
 .text.find_param
                0x00024c48       0x38 coreutils/lib.a(stty.o)
 .text.recover_mode
                0x00024c80       0xcc coreutils/lib.a(stty.o)
 .text.display_recoverable
                0x00024d4c       0x50 coreutils/lib.a(stty.o)
 .text.display_speed
                0x00024d9c       0x78 coreutils/lib.a(stty.o)
 .text.do_display
                0x00024e14      0x244 coreutils/lib.a(stty.o)
 .text.set_mode
                0x00025058      0x428 coreutils/lib.a(stty.o)
 .text.set_control_char_or_die
                0x00025480       0xd4 coreutils/lib.a(stty.o)
 .text.stty_main
                0x00025554      0x588 coreutils/lib.a(stty.o)
                0x00025554                stty_main
 .text.sum_file
                0x00025adc      0x1a0 coreutils/lib.a(sum.o)
 .text.sum_main
                0x00025c7c       0xb8 coreutils/lib.a(sum.o)
                0x00025c7c                sum_main
 .text.sync_main
                0x00025d34       0x18 coreutils/lib.a(sync.o)
                0x00025d34                sync_main
 .text.tail_xprint_header
                0x00025d4c       0x20 coreutils/lib.a(tail.o)
 .text.tail_read
                0x00025d6c       0xc0 coreutils/lib.a(tail.o)
 .text.eat_num  0x00025e2c       0x34 coreutils/lib.a(tail.o)
 .text.tail_main
                0x00025e60      0x4bc coreutils/lib.a(tail.o)
                0x00025e60                tail_main
 .text.tee_main
                0x0002631c      0x158 coreutils/lib.a(tee.o)
                0x0002631c                tee_main
 .text.t_lex    0x00026474       0x68 coreutils/lib.a(test.o)
 .text.syntax   0x000264dc       0x4c coreutils/lib.a(test.o)
 .text.getn     0x00026528       0x80 coreutils/lib.a(test.o)
 .text.binop    0x000265a8      0x2c0 coreutils/lib.a(test.o)
 .text.nexpr    0x00026868      0x43c coreutils/lib.a(test.o)
 .text.aexpr    0x00026ca4       0x7c coreutils/lib.a(test.o)
 .text.oexpr    0x00026d20       0x80 coreutils/lib.a(test.o)
 .text.test_main
                0x00026da0      0x230 coreutils/lib.a(test.o)
                0x00026da0                test_main
 .text.touch_main
                0x00026fd0       0xbc coreutils/lib.a(touch.o)
                0x00026fd0                touch_main
 .text.expand   0x0002708c      0x2a0 coreutils/lib.a(tr.o)
 .text.tr_main  0x0002732c      0x32c coreutils/lib.a(tr.o)
                0x0002732c                tr_main
 .text.true_main
                0x00027658        0x8 coreutils/lib.a(true.o)
                0x00027658                true_main
 .text.tty_main
                0x00027660       0x6c coreutils/lib.a(tty.o)
                0x00027660                tty_main
 .text.uname_main
                0x000276cc       0xc8 coreutils/lib.a(uname.o)
                0x000276cc                uname_main
 .text.xgetoptfile_uniq_s
                0x00027794       0x5c coreutils/lib.a(uniq.o)
 .text.uniq_main
                0x000277f0      0x1e0 coreutils/lib.a(uniq.o)
                0x000277f0                uniq_main
 .text.usleep_main
                0x000279d0       0x24 coreutils/lib.a(usleep.o)
                0x000279d0                usleep_main
 .text.read_stduu
                0x000279f4      0x128 coreutils/lib.a(uudecode.o)
 .text.read_base64
                0x00027b1c      0x118 coreutils/lib.a(uudecode.o)
 .text.uudecode_main
                0x00027c34      0x1a4 coreutils/lib.a(uudecode.o)
                0x00027c34                uudecode_main
 .text.uuencode_main
                0x00027dd8      0x18c coreutils/lib.a(uuencode.o)
                0x00027dd8                uuencode_main
 .text.wc_main  0x00027f64      0x338 coreutils/lib.a(wc.o)
                0x00027f64                wc_main
 .text.who_main
                0x0002829c      0x13c coreutils/lib.a(who.o)
                0x0002829c                who_main
 .text.whoami_main
                0x000283d8       0x38 coreutils/lib.a(whoami.o)
                0x000283d8                whoami_main
 .text.yes_main
                0x00028410       0x64 coreutils/lib.a(yes.o)
                0x00028410                yes_main
 .text.cp_mv_stat2
                0x00028474       0x6c coreutils/libcoreutils/lib.a(cp_mv_stat.o)
                0x00028474                cp_mv_stat2
 .text.cp_mv_stat
                0x000284e0        0xc coreutils/libcoreutils/lib.a(cp_mv_stat.o)
                0x000284e0                cp_mv_stat
 .text.getopt_mk_fifo_nod
                0x000284ec       0x5c coreutils/libcoreutils/lib.a(getopt_mk_fifo_nod.o)
                0x000284ec                getopt_mk_fifo_nod
 .text.mktemp_main
                0x00028548       0xc0 debianutils/lib.a(mktemp.o)
                0x00028548                mktemp_main
 .text.pipe_progress_main
                0x00028608       0xa0 debianutils/lib.a(pipe_progress.o)
                0x00028608                pipe_progress_main
 .text.act      0x000286a8      0x114 debianutils/lib.a(run_parts.o)
 .text.run_parts_main
                0x000287bc      0x100 debianutils/lib.a(run_parts.o)
                0x000287bc                run_parts_main
 .text.check    0x000288bc      0x18c debianutils/lib.a(start_stop_daemon.o)
 .text.do_procinit
                0x00028a48       0xf0 debianutils/lib.a(start_stop_daemon.o)
 .text.start_stop_daemon_main
                0x00028b38      0x3a0 debianutils/lib.a(start_stop_daemon.o)
                0x00028b38                start_stop_daemon_main
 .text.which_main
                0x00028ed8       0x9c debianutils/lib.a(which.o)
                0x00028ed8                which_main
 .text.change_attributes
                0x00028f74      0x154 e2fsprogs/lib.a(chattr.o)
 .text.chattr_dir_proc
                0x000290c8       0x30 e2fsprogs/lib.a(chattr.o)
 .text.chattr_main
                0x000290f8      0x1a4 e2fsprogs/lib.a(chattr.o)
                0x000290f8                chattr_main
 .text.close_silently
                0x0002929c       0x20 e2fsprogs/lib.a(e2fs_lib.o)
 .text.iterate_on_dir
                0x000292bc       0xbc e2fsprogs/lib.a(e2fs_lib.o)
                0x000292bc                iterate_on_dir
 .text.fgetsetversion
                0x00029378       0x64 e2fsprogs/lib.a(e2fs_lib.o)
                0x00029378                fgetsetversion
 .text.fgetsetflags
                0x000293dc       0xb4 e2fsprogs/lib.a(e2fs_lib.o)
                0x000293dc                fgetsetflags
 .text.print_flags
                0x00029490       0xc8 e2fsprogs/lib.a(e2fs_lib.o)
                0x00029490                print_flags
 .text.base_device
                0x00029558      0x100 e2fsprogs/lib.a(fsck.o)
 .text.free_instance
                0x00029658       0x2c e2fsprogs/lib.a(fsck.o)
 .text.create_fs_device
                0x00029684       0xa0 e2fsprogs/lib.a(fsck.o)
 .text.parse_word
                0x00029724       0x48 e2fsprogs/lib.a(fsck.o)
 .text.parse_escape
                0x0002976c       0x68 e2fsprogs/lib.a(fsck.o)
 .text.kill_all_if_cancel_requested
                0x000297d4       0x68 e2fsprogs/lib.a(fsck.o)
 .text.wait_one
                0x0002983c      0x1d0 e2fsprogs/lib.a(fsck.o)
 .text.wait_many
                0x00029a0c       0x40 e2fsprogs/lib.a(fsck.o)
 .text.fsck_device
                0x00029a4c      0x308 e2fsprogs/lib.a(fsck.o)
 .text.opt_in_list
                0x00029d54       0x64 e2fsprogs/lib.a(fsck.o)
 .text.ignore   0x00029db8      0x108 e2fsprogs/lib.a(fsck.o)
 .text.check_all
                0x00029ec0      0x330 e2fsprogs/lib.a(fsck.o)
 .text.signal_cancel
                0x0002a1f0       0x14 e2fsprogs/lib.a(fsck.o)
 .text.fsck_main
                0x0002a204      0x914 e2fsprogs/lib.a(fsck.o)
                0x0002a204                fsck_main
 .text.list_attributes
                0x0002ab18       0xd8 e2fsprogs/lib.a(lsattr.o)
 .text.lsattr_dir_proc
                0x0002abf0       0xf8 e2fsprogs/lib.a(lsattr.o)
 .text.lsattr_args
                0x0002ace8       0x7c e2fsprogs/lib.a(lsattr.o)
 .text.lsattr_main
                0x0002ad64       0x5c e2fsprogs/lib.a(lsattr.o)
                0x0002ad64                lsattr_main
 .text.zero_out_var
                0x0002adc0        0xc editors/lib.a(awk.o)
 .text.syntax_error
                0x0002adcc       0x24 editors/lib.a(awk.o)
 .text.hashidx  0x0002adf0       0x2c editors/lib.a(awk.o)
 .text.hash_init
                0x0002ae1c       0x2c editors/lib.a(awk.o)
 .text.hash_search
                0x0002ae48       0x58 editors/lib.a(awk.o)
 .text.hash_find
                0x0002aea0      0x138 editors/lib.a(awk.o)
 .text.hash_remove
                0x0002afd8       0x94 editors/lib.a(awk.o)
 .text.skip_spaces
                0x0002b06c       0x58 editors/lib.a(awk.o)
 .text.nextword
                0x0002b0c4       0x20 editors/lib.a(awk.o)
 .text.nextchar
                0x0002b0e4       0x44 editors/lib.a(awk.o)
 .text.afopen   0x0002b128       0x28 editors/lib.a(awk.o)
 .text.iamarray
                0x0002b150       0x3c editors/lib.a(awk.o)
 .text.clear_array
                0x0002b18c       0x70 editors/lib.a(awk.o)
 .text.clrvar   0x0002b1fc       0x40 editors/lib.a(awk.o)
 .text.getvar_i
                0x0002b23c       0xb8 editors/lib.a(awk.o)
 .text.is_numeric
                0x0002b2f4       0x24 editors/lib.a(awk.o)
 .text.istrue   0x0002b318       0x5c editors/lib.a(awk.o)
 .text.nvalloc  0x0002b374      0x10c editors/lib.a(awk.o)
 .text.nvfree   0x0002b480       0xf8 editors/lib.a(awk.o)
 .text.next_token
                0x0002b578      0x49c editors/lib.a(awk.o)
 .text.rollback_token
                0x0002ba14       0x18 editors/lib.a(awk.o)
 .text.new_node
                0x0002ba2c       0x2c editors/lib.a(awk.o)
 .text.mk_re_node
                0x0002ba58       0x4c editors/lib.a(awk.o)
 .text.chain_node
                0x0002baa4       0x8c editors/lib.a(awk.o)
 .text.mk_splitter
                0x0002bb30       0x60 editors/lib.a(awk.o)
 .text.qrealloc
                0x0002bb90       0x40 editors/lib.a(awk.o)
 .text.fsrealloc
                0x0002bbd0       0xd4 editors/lib.a(awk.o)
 .text.nextarg  0x0002bca4       0x38 editors/lib.a(awk.o)
 .text.fmt_num  0x0002bcdc      0x11c editors/lib.a(awk.o)
 .text.getvar_s
                0x0002bdf8       0x88 editors/lib.a(awk.o)
 .text.handle_special
                0x0002be80      0x1d8 editors/lib.a(awk.o)
 .text.setvar_p
                0x0002c058       0x24 editors/lib.a(awk.o)
 .text.setvar_s
                0x0002c07c       0x3c editors/lib.a(awk.o)
 .text.setvar_u
                0x0002c0b8       0x20 editors/lib.a(awk.o)
 .text.setari_u
                0x0002c0d8       0x48 editors/lib.a(awk.o)
 .text.setvar_i
                0x0002c120       0x34 editors/lib.a(awk.o)
 .text.parse_expr
                0x0002c154      0x330 editors/lib.a(awk.o)
 .text.condition
                0x0002c484       0x18 editors/lib.a(awk.o)
 .text.chain_expr
                0x0002c49c       0x38 editors/lib.a(awk.o)
 .text.chain_group
                0x0002c4d4      0x2e0 editors/lib.a(awk.o)
 .text.parse_program
                0x0002c7b4      0x180 editors/lib.a(awk.o)
 .text.chain_loop
                0x0002c934       0x8c editors/lib.a(awk.o)
 .text.awk_getline
                0x0002c9c0      0x2e4 editors/lib.a(awk.o)
 .text.incvar   0x0002cca4       0x34 editors/lib.a(awk.o)
 .text.copyvar  0x0002ccd8       0x60 editors/lib.a(awk.o)
 .text.awk_split
                0x0002cd38      0x278 editors/lib.a(awk.o)
 .text.split_f0
                0x0002cfb0       0xd8 editors/lib.a(awk.o)
 .text.is_assignment
                0x0002d088       0xc8 editors/lib.a(awk.o)
 .text.next_input_file
                0x0002d150      0x128 editors/lib.a(awk.o)
 .text.evaluate
                0x0002d278     0x18e8 editors/lib.a(awk.o)
 .text.as_regex
                0x0002eb60       0x88 editors/lib.a(awk.o)
 .text.awk_sub  0x0002ebe8      0x27c editors/lib.a(awk.o)
 .text.awk_printf
                0x0002ee64      0x210 editors/lib.a(awk.o)
 .text.ptest    0x0002f074       0x20 editors/lib.a(awk.o)
 .text.awk_exit
                0x0002f094       0xac editors/lib.a(awk.o)
 .text.awk_main
                0x0002f140      0x530 editors/lib.a(awk.o)
                0x0002f140                awk_main
 .text.cmp_xfopen_input
                0x0002f670       0x14 editors/lib.a(cmp.o)
 .text.cmp_main
                0x0002f684      0x1fc editors/lib.a(cmp.o)
                0x0002f684                cmp_main
 .text.print_only
                0x0002f880       0x28 editors/lib.a(diff.o)
 .text.print_status
                0x0002f8a8      0x1c0 editors/lib.a(diff.o)
 .text.prepare  0x0002fa68      0x15c editors/lib.a(diff.o)
 .text.isqrt    0x0002fbc4       0x44 editors/lib.a(diff.o)
 .text.newcand  0x0002fc08       0x84 editors/lib.a(diff.o)
 .text.skipline
                0x0002fc8c       0x34 editors/lib.a(diff.o)
 .text.sort     0x0002fcc0       0xc0 editors/lib.a(diff.o)
 .text.uni_range
                0x0002fd80       0x38 editors/lib.a(diff.o)
 .text.fetch    0x0002fdb8       0xec editors/lib.a(diff.o)
 .text.asciifile
                0x0002fea4       0x94 editors/lib.a(diff.o)
 .text.dump_unified_vec
                0x0002ff38      0x204 editors/lib.a(diff.o)
 .text.change   0x0003013c      0x1b0 editors/lib.a(diff.o)
 .text.diffreg  0x000302ec      0xd74 editors/lib.a(diff.o)
 .text.do_diff  0x00031060      0x1cc editors/lib.a(diff.o)
 .text.dir_strcmp
                0x0003122c        0xc editors/lib.a(diff.o)
 .text.add_to_dirlist
                0x00031238       0x50 editors/lib.a(diff.o)
 .text.get_dir  0x00031288      0x10c editors/lib.a(diff.o)
 .text.diff_main
                0x00031394      0x48c editors/lib.a(diff.o)
                0x00031394                diff_main
 .text.findLine
                0x00031820       0xe8 editors/lib.a(ed.o)
 .text.setCurNum
                0x00031908       0x38 editors/lib.a(ed.o)
 .text.deleteLines
                0x00031940      0x114 editors/lib.a(ed.o)
 .text.termEdit
                0x00031a54       0xa0 editors/lib.a(ed.o)
 .text.findString
                0x00031af4       0x94 editors/lib.a(ed.o)
 .text.insertLine
                0x00031b88       0xe4 editors/lib.a(ed.o)
 .text.addLines
                0x00031c6c       0xd8 editors/lib.a(ed.o)
 .text.getNum   0x00031d44      0x2c4 editors/lib.a(ed.o)
 .text.readLines
                0x00032008      0x2bc editors/lib.a(ed.o)
 .text.printLines
                0x000322c4      0x144 editors/lib.a(ed.o)
 .text.ed_main  0x00032408      0xcf0 editors/lib.a(ed.o)
                0x00032408                ed_main
 .text.copy_lines
                0x000330f8       0x68 editors/lib.a(patch.o)
 .text.extract_filename
                0x00033160       0x64 editors/lib.a(patch.o)
 .text.file_doesnt_exist
                0x000331c4       0x20 editors/lib.a(patch.o)
 .text.patch_main
                0x000331e4      0x4f4 editors/lib.a(patch.o)
                0x000331e4                patch_main
 .text.cleanup_outname
                0x000336d8       0x18 editors/lib.a(sed.o)
 .text.parse_escapes
                0x000336f0       0x90 editors/lib.a(sed.o)
 .text.copy_parsing_escapes
                0x00033780       0x40 editors/lib.a(sed.o)
 .text.index_of_next_unescaped_regexp_delim
                0x000337c0       0xb4 editors/lib.a(sed.o)
 .text.parse_regex_delim
                0x00033874       0x78 editors/lib.a(sed.o)
 .text.get_address
                0x000338ec       0xe8 editors/lib.a(sed.o)
 .text.parse_file_cmd
                0x000339d4       0x8c editors/lib.a(sed.o)
 .text.add_cmd  0x00033a60      0x610 editors/lib.a(sed.o)
 .text.pipe_putc
                0x00034070       0x54 editors/lib.a(sed.o)
 .text.append   0x000340c4       0x1c editors/lib.a(sed.o)
 .text.flush_append
                0x000340e0       0x44 editors/lib.a(sed.o)
 .text.add_input_file
                0x00034124       0x3c editors/lib.a(sed.o)
 .text.get_next_line
                0x00034160       0xcc editors/lib.a(sed.o)
 .text.puts_maybe_newline
                0x0003422c       0xac editors/lib.a(sed.o)
 .text.process_files
                0x000342d8      0xac4 editors/lib.a(sed.o)
 .text.add_cmd_block
                0x00034d9c       0xa4 editors/lib.a(sed.o)
 .text.sed_main
                0x00034e40      0x304 editors/lib.a(sed.o)
                0x00034e40                sed_main
 .text.write1   0x00035144       0x10 editors/lib.a(vi.o)
 .text.file_size
                0x00035154       0x44 editors/lib.a(vi.o)
 .text.begin_line
                0x00035198       0x44 editors/lib.a(vi.o)
 .text.end_line
                0x000351dc       0x4c editors/lib.a(vi.o)
 .text.clear_to_eol
                0x00035228        0xc editors/lib.a(vi.o)
 .text.count_lines
                0x00035234       0x6c editors/lib.a(vi.o)
 .text.setops   0x000352a0       0x74 editors/lib.a(vi.o)
 .text.dot_skip_over_ws
                0x00035314       0x54 editors/lib.a(vi.o)
 .text.show_help
                0x00035368        0xc editors/lib.a(vi.o)
 .text.standout_start
                0x00035374        0xc editors/lib.a(vi.o)
 .text.standout_end
                0x00035380        0xc editors/lib.a(vi.o)
 .text.next_line
                0x0003538c       0x34 editors/lib.a(vi.o)
 .text.find_line
                0x000353c0       0x34 editors/lib.a(vi.o)
 .text.what_reg
                0x000353f4       0x38 editors/lib.a(vi.o)
 .text.next_tabstop
                0x0003542c       0x2c editors/lib.a(vi.o)
 .text.end_screen
                0x00035458       0x4c editors/lib.a(vi.o)
 .text.prev_line
                0x000354a4       0x34 editors/lib.a(vi.o)
 .text.dot_left
                0x000354d8       0x30 editors/lib.a(vi.o)
 .text.dot_right
                0x00035508       0x34 editors/lib.a(vi.o)
 .text.dot_begin
                0x0003553c       0x20 editors/lib.a(vi.o)
 .text.dot_end  0x0003555c       0x20 editors/lib.a(vi.o)
 .text.move_to_col
                0x0003557c       0x7c editors/lib.a(vi.o)
 .text.dot_next
                0x000355f8       0x20 editors/lib.a(vi.o)
 .text.dot_prev
                0x00035618       0x20 editors/lib.a(vi.o)
 .text.dot_scroll
                0x00035638       0x84 editors/lib.a(vi.o)
 .text.screen_erase
                0x000356bc       0x20 editors/lib.a(vi.o)
 .text.new_screen
                0x000356dc       0x7c editors/lib.a(vi.o)
 .text.mycmp    0x00035758       0x48 editors/lib.a(vi.o)
 .text.char_search
                0x000357a0       0xdc editors/lib.a(vi.o)
 .text.get_one_address
                0x0003587c      0x188 editors/lib.a(vi.o)
 .text.end_cmd_q
                0x00035a04       0x28 editors/lib.a(vi.o)
 .text.skip_thing
                0x00035a2c      0x138 editors/lib.a(vi.o)
 .text.find_pair
                0x00035b64       0xd4 editors/lib.a(vi.o)
 .text.text_yank
                0x00035c38       0x70 editors/lib.a(vi.o)
 .text.rawmode  0x00035ca8       0xa0 editors/lib.a(vi.o)
 .text.cookmode
                0x00035d48       0x34 editors/lib.a(vi.o)
 .text.catch_sig
                0x00035d7c       0x38 editors/lib.a(vi.o)
 .text.mysleep  0x00035db4       0x84 editors/lib.a(vi.o)
 .text.readit   0x00035e38      0x20c editors/lib.a(vi.o)
 .text.place_cursor
                0x00036044      0x148 editors/lib.a(vi.o)
 .text.suspend_sig
                0x0003618c       0x5c editors/lib.a(vi.o)
 .text.clear_to_eos
                0x000361e8        0xc editors/lib.a(vi.o)
 .text.psbs     0x000361f4       0x68 editors/lib.a(vi.o)
 .text.text_hole_delete
                0x0003625c       0xbc editors/lib.a(vi.o)
 .text.yank_delete
                0x00036318       0xa0 editors/lib.a(vi.o)
 .text.text_hole_make
                0x000363b8       0x9c editors/lib.a(vi.o)
 .text.stupid_insert
                0x00036454       0x34 editors/lib.a(vi.o)
 .text.file_insert
                0x00036488      0x1c0 editors/lib.a(vi.o)
 .text.file_write
                0x00036648       0x74 editors/lib.a(vi.o)
 .text.ni       0x000366bc      0x108 editors/lib.a(vi.o)
 .text.get_one_char
                0x000367c4       0xc4 editors/lib.a(vi.o)
 .text.psb      0x00036888       0x3c editors/lib.a(vi.o)
 .text.string_insert
                0x000368c4       0x88 editors/lib.a(vi.o)
 .text.refresh  0x0003694c      0x5a4 editors/lib.a(vi.o)
 .text.redraw   0x00036ef0       0x40 editors/lib.a(vi.o)
 .text.Indicate_Error
                0x00036f30       0x4c editors/lib.a(vi.o)
 .text.char_insert
                0x00036f7c      0x1ec editors/lib.a(vi.o)
 .text.init_text_buffer
                0x00037168       0xf4 editors/lib.a(vi.o)
 .text.bound_dot
                0x0003725c       0x4c editors/lib.a(vi.o)
 .text.Hit_Return
                0x000372a8       0x3c editors/lib.a(vi.o)
 .text.colon    0x000372e4      0xf90 editors/lib.a(vi.o)
 .text.show_status_line
                0x00038274      0x288 editors/lib.a(vi.o)
 .text.cont_sig
                0x000384fc       0x54 editors/lib.a(vi.o)
 .text.winch_sig
                0x00038550       0x4c editors/lib.a(vi.o)
 .text.get_input_line
                0x0003859c      0x130 editors/lib.a(vi.o)
 .text.do_cmd   0x000386cc     0x18fc editors/lib.a(vi.o)
 .text.edit_file
                0x00039fc8      0x35c editors/lib.a(vi.o)
 .text.vi_main  0x0003a324      0x1ac editors/lib.a(vi.o)
                0x0003a324                vi_main
 .text.find_range
                0x0003a4d0      0x238 editors/lib.a(vi.o)
 .text.exec_actions
                0x0003a708       0x88 findutils/lib.a(find.o)
 .text.func_name
                0x0003a790       0x64 findutils/lib.a(find.o)
 .text.func_path
                0x0003a7f4       0x20 findutils/lib.a(find.o)
 .text.func_regex
                0x0003a814       0x5c findutils/lib.a(find.o)
 .text.func_type
                0x0003a870       0x1c findutils/lib.a(find.o)
 .text.func_perm
                0x0003a88c       0x68 findutils/lib.a(find.o)
 .text.func_mtime
                0x0003a8f4       0x90 findutils/lib.a(find.o)
 .text.func_mmin
                0x0003a984       0x84 findutils/lib.a(find.o)
 .text.func_newer
                0x0003aa08       0x18 findutils/lib.a(find.o)
 .text.func_inum
                0x0003aa20       0x34 findutils/lib.a(find.o)
 .text.func_exec
                0x0003aa54      0x140 findutils/lib.a(find.o)
 .text.func_user
                0x0003ab94       0x18 findutils/lib.a(find.o)
 .text.func_group
                0x0003abac       0x18 findutils/lib.a(find.o)
 .text.func_print0
                0x0003abc4       0x20 findutils/lib.a(find.o)
 .text.func_print
                0x0003abe4       0x10 findutils/lib.a(find.o)
 .text.func_paren
                0x0003abf4       0x18 findutils/lib.a(find.o)
 .text.func_size
                0x0003ac0c       0xa4 findutils/lib.a(find.o)
 .text.func_prune
                0x0003acb0        0x8 findutils/lib.a(find.o)
 .text.func_delete
                0x0003acb8       0x40 findutils/lib.a(find.o)
 .text.fileAction
                0x0003acf8       0xd8 findutils/lib.a(find.o)
 .text.plus_minus_num
                0x0003add0       0x14 findutils/lib.a(find.o)
 .text.alloc_action.0
                0x0003ade4       0x88 findutils/lib.a(find.o)
 .text.parse_params
                0x0003ae6c      0x684 findutils/lib.a(find.o)
 .text.find_main
                0x0003b4f0      0x1e0 findutils/lib.a(find.o)
                0x0003b4f0                find_main
 .text.print_line
                0x0003b6d0       0xfc findutils/lib.a(grep.o)
 .text.grep_file
                0x0003b7cc      0x384 findutils/lib.a(grep.o)
 .text.add_grep_list_data
                0x0003bb50       0x20 findutils/lib.a(grep.o)
 .text.file_action_grep
                0x0003bb70       0x88 findutils/lib.a(grep.o)
 .text.grep_main
                0x0003bbf8      0x46c findutils/lib.a(grep.o)
                0x0003bbf8                grep_main
 .text.process_stdin
                0x0003c064      0x218 findutils/lib.a(xargs.o)
 .text.process0_stdin
                0x0003c27c      0x118 findutils/lib.a(xargs.o)
 .text.xargs_main
                0x0003c394      0x3d8 findutils/lib.a(xargs.o)
                0x0003c394                xargs_main
 .text.halt_main
                0x0003c76c       0xf4 init/lib.a(halt.o)
                0x0003c76c                halt_main
 .text.loop_forever
                0x0003c860       0x10 init/lib.a(init.o)
 .text.message  0x0003c870      0x110 init/lib.a(init.o)
 .text.set_sane_term
                0x0003c980       0xac init/lib.a(init.o)
 .text.init_reboot
                0x0003ca2c       0x40 init/lib.a(init.o)
 .text.stop_handler
                0x0003ca6c       0x48 init/lib.a(init.o)
 .text.cont_handler
                0x0003cab4       0x14 init/lib.a(init.o)
 .text.new_init_action
                0x0003cac8       0xc0 init/lib.a(init.o)
 .text.delete_init_action
                0x0003cb88       0x4c init/lib.a(init.o)
 .text.run_actions
                0x0003cbd4       0xb4 init/lib.a(init.o)
 .text.ctrlaltdel_signal
                0x0003cc88        0x8 init/lib.a(init.o)
 .text.shutdown_system
                0x0003cc90      0x128 init/lib.a(init.o)
 .text.shutdown_signal
                0x0003cdb8       0x70 init/lib.a(init.o)
 .text.open_stdio_to_tty
                0x0003ce28       0xa0 init/lib.a(init.o)
 .text.run      0x0003cec8      0x3f4 init/lib.a(init.o)
 .text.waitfor  0x0003d2bc       0x5c init/lib.a(init.o)
 .text.exec_signal
                0x0003d318      0x138 init/lib.a(init.o)
 .text.parse_inittab
                0x0003d450      0x298 init/lib.a(init.o)
 .text.reload_signal
                0x0003d6e8       0x74 init/lib.a(init.o)
 .text.init_main
                0x0003d75c      0x470 init/lib.a(init.o)
                0x0003d75c                init_main
 .text.mesg_main
                0x0003dbcc       0xd0 init/lib.a(mesg.o)
                0x0003dbcc                mesg_main
 .text.xsetenv_proto
                0x0003dc9c       0x28 ipsvd/lib.a(tcpudp.o)
 .text.sig_term_handler
                0x0003dcc4       0x34 ipsvd/lib.a(tcpudp.o)
 .text.connection_status
                0x0003dcf8       0x3c ipsvd/lib.a(tcpudp.o)
 .text.sig_child_handler
                0x0003dd34       0xd8 ipsvd/lib.a(tcpudp.o)
 .text.tcpudpsvd_main
                0x0003de0c      0x88c ipsvd/lib.a(tcpudp.o)
                0x0003de0c                tcpudpsvd_main
 .text.ipsvd_perhost_init
                0x0003e698       0x2c ipsvd/lib.a(ipsvd_perhost.o)
                0x0003e698                ipsvd_perhost_init
 .text.ipsvd_perhost_add
                0x0003e6c4       0xa4 ipsvd/lib.a(ipsvd_perhost.o)
                0x0003e6c4                ipsvd_perhost_add
 .text.ipsvd_perhost_remove
                0x0003e768       0x70 ipsvd/lib.a(ipsvd_perhost.o)
                0x0003e768                ipsvd_perhost_remove
 .text.bb_ask_confirmation
                0x0003e7d8       0x54 libbb/lib.a(ask_confirmation.o)
                0x0003e7d8                bb_ask_confirmation
 .text.bb_basename
                0x0003e82c       0x20 libbb/lib.a(bb_basename.o)
                0x0003e82c                bb_basename
 .text.bb_getug
                0x0003e84c       0x64 libbb/lib.a(bb_pwd.o)
 .text.bb_getpwuid
                0x0003e8b0       0x44 libbb/lib.a(bb_pwd.o)
                0x0003e8b0                bb_getpwuid
 .text.bb_getgrgid
                0x0003e8f4       0x44 libbb/lib.a(bb_pwd.o)
                0x0003e8f4                bb_getgrgid
 .text.xgroup2gid
                0x0003e938       0x28 libbb/lib.a(bb_pwd.o)
                0x0003e938                xgroup2gid
 .text.xuname2uid
                0x0003e960       0x28 libbb/lib.a(bb_pwd.o)
                0x0003e960                xuname2uid
 .text.get_ug_id
                0x0003e988       0x48 libbb/lib.a(bb_pwd.o)
                0x0003e988                get_ug_id
 .text.ret_ERANGE
                0x0003e9d0       0x20 libbb/lib.a(bb_strtonum.o)
 .text.handle_errors
                0x0003e9f0       0x70 libbb/lib.a(bb_strtonum.o)
 .text.bb_strtoull
                0x0003ea60       0x64 libbb/lib.a(bb_strtonum.o)
                0x0003ea60                bb_strtoull
 .text.bb_strtoll
                0x0003eac4       0x70 libbb/lib.a(bb_strtonum.o)
                0x0003eac4                bb_strtoll
 .text.bb_strtoul
                0x0003eb34       0x68 libbb/lib.a(bb_strtonum.o)
                0x0003eb34                bb_strtoul
 .text.bb_strtol
                0x0003eb9c       0x74 libbb/lib.a(bb_strtonum.o)
                0x0003eb9c                bb_strtol
 .text.chomp    0x0003ec10       0x1c libbb/lib.a(chomp.o)
                0x0003ec10                chomp
 .text.index_in_str_array
                0x0003ec2c       0x50 libbb/lib.a(compare_string_array.o)
                0x0003ec2c                index_in_str_array
 .text.index_in_strings
                0x0003ec7c       0x60 libbb/lib.a(compare_string_array.o)
                0x0003ec7c                index_in_strings
 .text.index_in_substrings
                0x0003ecdc       0x74 libbb/lib.a(compare_string_array.o)
                0x0003ecdc                index_in_substrings
 .text.concat_path_file
                0x0003ed50       0x64 libbb/lib.a(concat_path_file.o)
                0x0003ed50                concat_path_file
 .text.concat_subpath_file
                0x0003edb4       0x44 libbb/lib.a(concat_subpath_file.o)
                0x0003edb4                concat_subpath_file
 .text.ask_and_unlink
                0x0003edf8       0x70 libbb/lib.a(copy_file.o)
 .text.copy_file
                0x0003ee68      0x614 libbb/lib.a(copy_file.o)
                0x0003ee68                copy_file
 .text.bb_full_fd_action
                0x0003f47c      0x104 libbb/lib.a(copyfd.o)
 .text.bb_copyfd_size
                0x0003f580       0x18 libbb/lib.a(copyfd.o)
                0x0003f580                bb_copyfd_size
 .text.bb_copyfd_exact_size
                0x0003f598       0x40 libbb/lib.a(copyfd.o)
                0x0003f598                bb_copyfd_exact_size
 .text.bb_copyfd_eof
                0x0003f5d8        0xc libbb/lib.a(copyfd.o)
                0x0003f5d8                bb_copyfd_eof
 .text.crc32_filltable
                0x0003f5e4       0x8c libbb/lib.a(crc32.o)
                0x0003f5e4                crc32_filltable
 .text.device_open
                0x0003f670       0x54 libbb/lib.a(device_open.o)
                0x0003f670                device_open
 .text.bb_dump_size
                0x0003f6c4      0x114 libbb/lib.a(dump.o)
                0x0003f6c4                bb_dump_size
 .text.next     0x0003f7d8      0x204 libbb/lib.a(dump.o)
 .text.bb_dump_dump
                0x0003f9dc      0xca8 libbb/lib.a(dump.o)
                0x0003f9dc                bb_dump_dump
 .text.bb_dump_add
                0x00040684      0x218 libbb/lib.a(dump.o)
                0x00040684                bb_dump_add
 .text.bb_error_msg
                0x0004089c       0x24 libbb/lib.a(error_msg.o)
                0x0004089c                bb_error_msg
 .text.xfunc_die
                0x000408c0       0x28 libbb/lib.a(error_msg_and_die.o)
                0x000408c0                xfunc_die
 .text.bb_error_msg_and_die
                0x000408e8       0x18 libbb/lib.a(error_msg_and_die.o)
                0x000408e8                bb_error_msg_and_die
 .text.execable_file
                0x00040900       0x58 libbb/lib.a(execable.o)
                0x00040900                execable_file
 .text.find_execable
                0x00040958       0x9c libbb/lib.a(execable.o)
                0x00040958                find_execable
 .text.exists_execable
                0x000409f4       0x20 libbb/lib.a(execable.o)
                0x000409f4                exists_execable
 .text.fclose_if_not_stdin
                0x00040a14       0x1c libbb/lib.a(fclose_nonstdin.o)
                0x00040a14                fclose_if_not_stdin
 .text.fflush_stdout_and_exit
                0x00040a30       0x30 libbb/lib.a(fflush_stdout_and_exit.o)
                0x00040a30                fflush_stdout_and_exit
 .text.xmalloc_fgets_str
                0x00040a60       0xb0 libbb/lib.a(fgets_str.o)
                0x00040a60                xmalloc_fgets_str
 .text.find_mount_point
                0x00040b10      0x128 libbb/lib.a(find_mount_point.o)
                0x00040b10                find_mount_point
 .text.find_pid_by_name
                0x00040c38       0xa0 libbb/lib.a(find_pid_by_name.o)
                0x00040c38                find_pid_by_name
 .text.pidlist_reverse
                0x00040cd8       0x58 libbb/lib.a(find_pid_by_name.o)
                0x00040cd8                pidlist_reverse
 .text.find_block_device_in_dir
                0x00040d30      0x12c libbb/lib.a(find_root_device.o)
 .text.find_block_device
                0x00040e5c       0x6c libbb/lib.a(find_root_device.o)
                0x00040e5c                find_block_device
 .text.full_write
                0x00040ec8       0x48 libbb/lib.a(full_write.o)
                0x00040ec8                full_write
 .text.get_console_fd
                0x00040f10       0xd8 libbb/lib.a(get_console.o)
                0x00040f10                get_console_fd
 .text.bb_get_last_path_component
                0x00040fe8       0x54 libbb/lib.a(get_last_path_component.o)
                0x00040fe8                bb_get_last_path_component
 .text.bb_get_chunk_from_file
                0x0004103c       0xa4 libbb/lib.a(get_line_from_file.o)
                0x0004103c                bb_get_chunk_from_file
 .text.xmalloc_fgets
                0x000410e0       0x18 libbb/lib.a(get_line_from_file.o)
                0x000410e0                xmalloc_fgets
 .text.xmalloc_getline
                0x000410f8       0x3c libbb/lib.a(get_line_from_file.o)
                0x000410f8                xmalloc_getline